Component: ARM Compiler 5.06 update 7 (build 960) Tool: armlink [4d3601]

==============================================================================

Section Cross References

    key.o(i.key_OK) refers to gd32f4xx_gpio.o(i.gpio_input_bit_get) for gpio_input_bit_get
    key.o(i.key_init) refers to gd32f4xx_rcu.o(i.rcu_periph_clock_enable) for rcu_periph_clock_enable
    key.o(i.key_init) refers to gd32f4xx_gpio.o(i.gpio_mode_set) for gpio_mode_set
    key.o(i.key_left) refers to gd32f4xx_gpio.o(i.gpio_input_bit_get) for gpio_input_bit_get
    key.o(i.key_right) refers to gd32f4xx_gpio.o(i.gpio_input_bit_get) for gpio_input_bit_get
    led.o(i.delay_start) refers to led.o(.data) for delay_parameter
    led.o(i.delay_x_ms) refers to led.o(.data) for delay_parameter
    led.o(i.led1_close) refers to gd32f4xx_gpio.o(i.gpio_bit_set) for gpio_bit_set
    led.o(i.led1_open) refers to gd32f4xx_gpio.o(i.gpio_bit_reset) for gpio_bit_reset
    led.o(i.led1_toggle) refers to gd32f4xx_gpio.o(i.gpio_bit_toggle) for gpio_bit_toggle
    led.o(i.led2_close) refers to gd32f4xx_gpio.o(i.gpio_bit_set) for gpio_bit_set
    led.o(i.led2_open) refers to gd32f4xx_gpio.o(i.gpio_bit_reset) for gpio_bit_reset
    led.o(i.led2_toggle) refers to gd32f4xx_gpio.o(i.gpio_bit_toggle) for gpio_bit_toggle
    led.o(i.led_init) refers to gd32f4xx_rcu.o(i.rcu_periph_clock_enable) for rcu_periph_clock_enable
    led.o(i.led_init) refers to gd32f4xx_gpio.o(i.gpio_mode_set) for gpio_mode_set
    led.o(i.led_init) refers to gd32f4xx_gpio.o(i.gpio_output_options_set) for gpio_output_options_set
    led.o(i.led_init) refers to gd32f4xx_gpio.o(i.gpio_bit_set) for gpio_bit_set
    main.o(i.KEY1_task) refers to tasks.o(i.vTaskDelay) for vTaskDelay
    main.o(i.KEY1_task) refers to key.o(i.key_left) for key_left
    main.o(i.KEY1_task) refers to tasks.o(i.vTaskSuspend) for vTaskSuspend
    main.o(i.KEY1_task) refers to tasks.o(i.vTaskResume) for vTaskResume
    main.o(i.KEY1_task) refers to main.o(.data) for FLAG_BIT
    main.o(i.LED1_task) refers to led.o(i.led2_open) for led2_open
    main.o(i.LED1_task) refers to tasks.o(i.vTaskDelay) for vTaskDelay
    main.o(i.LED1_task) refers to led.o(i.led2_close) for led2_close
    main.o(i.LED2_task) refers to led.o(i.led1_open) for led1_open
    main.o(i.LED2_task) refers to tasks.o(i.vTaskDelay) for vTaskDelay
    main.o(i.LED2_task) refers to led.o(i.led1_close) for led1_close
    main.o(i.main) refers to gd32f4xx_misc.o(i.nvic_priority_group_set) for nvic_priority_group_set
    main.o(i.main) refers to led.o(i.led_init) for led_init
    main.o(i.main) refers to key.o(i.key_init) for key_init
    main.o(i.main) refers to tasks.o(i.xTaskCreate) for xTaskCreate
    main.o(i.main) refers to tasks.o(i.vTaskStartScheduler) for vTaskStartScheduler
    main.o(i.main) refers to main.o(.data) for LED1_task_Handle
    main.o(i.main) refers to main.o(i.LED1_task) for LED1_task
    main.o(i.main) refers to main.o(i.LED2_task) for LED2_task
    main.o(i.main) refers to main.o(i.KEY1_task) for KEY1_task
    systick.o(i.delay_1ms) refers to systick.o(.data) for delay
    systick.o(i.delay_decrement) refers to systick.o(.data) for delay
    systick.o(i.systick_config) refers to systick.o(i.NVIC_SetPriority) for NVIC_SetPriority
    systick.o(i.systick_config) refers to system_gd32f4xx.o(.data) for SystemCoreClock
    system_gd32f4xx.o(i.SystemCoreClockUpdate) refers to system_gd32f4xx.o(.data) for SystemCoreClock
    system_gd32f4xx.o(i.SystemInit) refers to system_gd32f4xx.o(i.system_clock_config) for system_clock_config
    system_gd32f4xx.o(i.system_clock_config) refers to system_gd32f4xx.o(i.system_clock_200m_25m_hxtal) for system_clock_200m_25m_hxtal
    gd32f4xx_adc.o(i.adc_deinit) refers to gd32f4xx_rcu.o(i.rcu_periph_reset_enable) for rcu_periph_reset_enable
    gd32f4xx_adc.o(i.adc_deinit) refers to gd32f4xx_rcu.o(i.rcu_periph_reset_disable) for rcu_periph_reset_disable
    gd32f4xx_can.o(i.can_debug_freeze_disable) refers to gd32f4xx_dbg.o(i.dbg_periph_disable) for dbg_periph_disable
    gd32f4xx_can.o(i.can_debug_freeze_enable) refers to gd32f4xx_dbg.o(i.dbg_periph_enable) for dbg_periph_enable
    gd32f4xx_can.o(i.can_deinit) refers to gd32f4xx_rcu.o(i.rcu_periph_reset_enable) for rcu_periph_reset_enable
    gd32f4xx_can.o(i.can_deinit) refers to gd32f4xx_rcu.o(i.rcu_periph_reset_disable) for rcu_periph_reset_disable
    gd32f4xx_can.o(i.can_interrupt_flag_get) refers to gd32f4xx_can.o(i.can_receive_message_length_get) for can_receive_message_length_get
    gd32f4xx_can.o(i.can_interrupt_flag_get) refers to gd32f4xx_can.o(i.can_error_get) for can_error_get
    gd32f4xx_ctc.o(i.ctc_deinit) refers to gd32f4xx_rcu.o(i.rcu_periph_reset_enable) for rcu_periph_reset_enable
    gd32f4xx_ctc.o(i.ctc_deinit) refers to gd32f4xx_rcu.o(i.rcu_periph_reset_disable) for rcu_periph_reset_disable
    gd32f4xx_dac.o(i.dac_deinit) refers to gd32f4xx_rcu.o(i.rcu_periph_reset_enable) for rcu_periph_reset_enable
[...]
    Removing gd32f4xx_timer.o(i.timer_external_clock_mode0_config), (40 bytes).
    Removing gd32f4xx_timer.o(i.timer_external_clock_mode1_config), (32 bytes).
    Removing gd32f4xx_timer.o(i.timer_external_clock_mode1_disable), (10 bytes).
    Removing gd32f4xx_timer.o(i.timer_external_trigger_as_external_clock_config), (166 bytes).
    Removing gd32f4xx_timer.o(i.timer_external_trigger_config), (30 bytes).
    Removing gd32f4xx_timer.o(i.timer_flag_clear), (6 bytes).
    Removing gd32f4xx_timer.o(i.timer_flag_get), (16 bytes).
    Removing gd32f4xx_timer.o(i.timer_hall_mode_config), (26 bytes).
    Removing gd32f4xx_timer.o(i.timer_init), (152 bytes).
    Removing gd32f4xx_timer.o(i.timer_input_capture_config), (326 bytes).
    Removing gd32f4xx_timer.o(i.timer_input_pwm_capture_config), (356 bytes).
    Removing gd32f4xx_timer.o(i.timer_input_trigger_source_select), (16 bytes).
    Removing gd32f4xx_timer.o(i.timer_internal_clock_config), (10 bytes).
    Removing gd32f4xx_timer.o(i.timer_internal_trigger_as_external_clock_config), (32 bytes).
    Removing gd32f4xx_timer.o(i.timer_interrupt_disable), (8 bytes).
    Removing gd32f4xx_timer.o(i.timer_interrupt_enable), (8 bytes).
    Removing gd32f4xx_timer.o(i.timer_interrupt_flag_get), (24 bytes).
    Removing gd32f4xx_timer.o(i.timer_master_output_trigger_source_select), (16 bytes).
    Removing gd32f4xx_timer.o(i.timer_master_slave_mode_config), (26 bytes).
    Removing gd32f4xx_timer.o(i.timer_output_value_selection_config), (34 bytes).
    Removing gd32f4xx_timer.o(i.timer_prescaler_config), (14 bytes).
    Removing gd32f4xx_timer.o(i.timer_prescaler_read), (10 bytes).
    Removing gd32f4xx_timer.o(i.timer_primary_output_config), (24 bytes).
    Removing gd32f4xx_timer.o(i.timer_quadrature_decoder_mode_config), (64 bytes).
    Removing gd32f4xx_timer.o(i.timer_repetition_value_config), (4 bytes).
    Removing gd32f4xx_timer.o(i.timer_single_pulse_mode_config), (26 bytes).
    Removing gd32f4xx_timer.o(i.timer_slave_mode_select), (16 bytes).
    Removing gd32f4xx_timer.o(i.timer_struct_para_init), (22 bytes).
    Removing gd32f4xx_timer.o(i.timer_update_event_disable), (10 bytes).
    Removing gd32f4xx_timer.o(i.timer_update_event_enable), (10 bytes).
    Removing gd32f4xx_timer.o(i.timer_update_source_config), (26 bytes).
    Removing gd32f4xx_timer.o(i.timer_write_chxval_register_config), (34 bytes).
    Removing gd32f4xx_tli.o(.rev16_text), (4 bytes).
    Removing gd32f4xx_tli.o(.revsh_text), (4 bytes).
    Removing gd32f4xx_tli.o(i.tli_color_key_disable), (14 bytes).
    Removing gd32f4xx_tli.o(i.tli_color_key_enable), (14 bytes).
    Removing gd32f4xx_tli.o(i.tli_color_key_init), (16 bytes).
    Removing gd32f4xx_tli.o(i.tli_current_pos_get), (12 bytes).
    Removing gd32f4xx_tli.o(i.tli_deinit), (20 bytes).
    Removing gd32f4xx_tli.o(i.tli_disable), (20 bytes).
    Removing gd32f4xx_tli.o(i.tli_dither_config), (36 bytes).
    Removing gd32f4xx_tli.o(i.tli_enable), (20 bytes).
    Removing gd32f4xx_tli.o(i.tli_flag_get), (36 bytes).
    Removing gd32f4xx_tli.o(i.tli_init), (188 bytes).
    Removing gd32f4xx_tli.o(i.tli_interrupt_disable), (16 bytes).
    Removing gd32f4xx_tli.o(i.tli_interrupt_enable), (16 bytes).
    Removing gd32f4xx_tli.o(i.tli_interrupt_flag_clear), (16 bytes).
    Removing gd32f4xx_tli.o(i.tli_interrupt_flag_get), (36 bytes).
    Removing gd32f4xx_tli.o(i.tli_layer_disable), (14 bytes).
    Removing gd32f4xx_tli.o(i.tli_layer_enable), (14 bytes).
    Removing gd32f4xx_tli.o(i.tli_layer_init), (152 bytes).
    Removing gd32f4xx_tli.o(i.tli_layer_struct_para_init), (48 bytes).
    Removing gd32f4xx_tli.o(i.tli_layer_window_offset_modify), (228 bytes).
    Removing gd32f4xx_tli.o(i.tli_line_mark_set), (24 bytes).
    Removing gd32f4xx_tli.o(i.tli_lut_disable), (14 bytes).
    Removing gd32f4xx_tli.o(i.tli_lut_enable), (14 bytes).
    Removing gd32f4xx_tli.o(i.tli_lut_init), (28 bytes).
    Removing gd32f4xx_tli.o(i.tli_lut_struct_para_init), (12 bytes).
    Removing gd32f4xx_tli.o(i.tli_reload_config), (36 bytes).
    Removing gd32f4xx_tli.o(i.tli_struct_para_init), (34 bytes).
    Removing gd32f4xx_trng.o(.rev16_text), (4 bytes).
    Removing gd32f4xx_trng.o(.revsh_text), (4 bytes).
    Removing gd32f4xx_trng.o(i.trng_deinit), (20 bytes).
    Removing gd32f4xx_trng.o(i.trng_disable), (20 bytes).
    Removing gd32f4xx_trng.o(i.trng_enable), (20 bytes).
    Removing gd32f4xx_trng.o(i.trng_flag_get), (24 bytes).
    Removing gd32f4xx_trng.o(i.trng_get_true_random_data), (12 bytes).
    Removing gd32f4xx_trng.o(i.trng_interrupt_disable), (20 bytes).
    Removing gd32f4xx_trng.o(i.trng_interrupt_enable), (20 bytes).
    Removing gd32f4xx_trng.o(i.trng_interrupt_flag_clear), (16 bytes).
    Removing gd32f4xx_trng.o(i.trng_interrupt_flag_get), (24 bytes).
    Removing gd32f4xx_usart.o(.rev16_text), (4 bytes).
    Removing gd32f4xx_usart.o(.revsh_text), (4 bytes).
    Removing gd32f4xx_usart.o(i.usart_address_config), (20 bytes).
    Removing gd32f4xx_usart.o(i.usart_baudrate_set), (232 bytes).
    Removing gd32f4xx_usart.o(i.usart_block_length_config), (28 bytes).
    Removing gd32f4xx_usart.o(i.usart_break_frame_coherence_config), (24 bytes).
    Removing gd32f4xx_usart.o(i.usart_data_first_config), (20 bytes).
    Removing gd32f4xx_usart.o(i.usart_data_receive), (10 bytes).
    Removing gd32f4xx_usart.o(i.usart_data_transmit), (8 bytes).
    Removing gd32f4xx_usart.o(i.usart_deinit), (220 bytes).
    Removing gd32f4xx_usart.o(i.usart_disable), (10 bytes).
    Removing gd32f4xx_usart.o(i.usart_dma_receive_config), (16 bytes).
    Removing gd32f4xx_usart.o(i.usart_dma_transmit_config), (16 bytes).
    Removing gd32f4xx_usart.o(i.usart_enable), (10 bytes).
    Removing gd32f4xx_usart.o(i.usart_flag_clear), (26 bytes).
    Removing gd32f4xx_usart.o(i.usart_flag_get), (30 bytes).
    Removing gd32f4xx_usart.o(i.usart_guard_time_config), (24 bytes).
    Removing gd32f4xx_usart.o(i.usart_halfduplex_disable), (10 bytes).
    Removing gd32f4xx_usart.o(i.usart_halfduplex_enable), (10 bytes).
    Removing gd32f4xx_usart.o(i.usart_hardware_flow_coherence_config), (24 bytes).
    Removing gd32f4xx_usart.o(i.usart_hardware_flow_cts_config), (16 bytes).
    Removing gd32f4xx_usart.o(i.usart_hardware_flow_rts_config), (16 bytes).
    Removing gd32f4xx_usart.o(i.usart_interrupt_disable), (26 bytes).
    Removing gd32f4xx_usart.o(i.usart_interrupt_enable), (26 bytes).
    Removing gd32f4xx_usart.o(i.usart_interrupt_flag_clear), (26 bytes).
    Removing gd32f4xx_usart.o(i.usart_interrupt_flag_get), (56 bytes).
    Removing gd32f4xx_usart.o(i.usart_invert_config), (104 bytes).
    Removing gd32f4xx_usart.o(i.usart_irda_lowpower_config), (20 bytes).
    Removing gd32f4xx_usart.o(i.usart_irda_mode_disable), (10 bytes).
    Removing gd32f4xx_usart.o(i.usart_irda_mode_enable), (10 bytes).
    Removing gd32f4xx_usart.o(i.usart_lin_break_detection_length_config), (20 bytes).
    Removing gd32f4xx_usart.o(i.usart_lin_mode_disable), (10 bytes).
    Removing gd32f4xx_usart.o(i.usart_lin_mode_enable), (10 bytes).
    Removing gd32f4xx_usart.o(i.usart_mute_mode_disable), (10 bytes).
    Removing gd32f4xx_usart.o(i.usart_mute_mode_enable), (10 bytes).
    Removing gd32f4xx_usart.o(i.usart_mute_mode_wakeup_config), (16 bytes).
    Removing gd32f4xx_usart.o(i.usart_oversample_config), (16 bytes).
    Removing gd32f4xx_usart.o(i.usart_parity_check_coherence_config), (24 bytes).
    Removing gd32f4xx_usart.o(i.usart_parity_config), (16 bytes).
    Removing gd32f4xx_usart.o(i.usart_prescaler_config), (16 bytes).
    Removing gd32f4xx_usart.o(i.usart_receive_config), (16 bytes).
    Removing gd32f4xx_usart.o(i.usart_receiver_timeout_disable), (14 bytes).
    Removing gd32f4xx_usart.o(i.usart_receiver_timeout_enable), (14 bytes).
    Removing gd32f4xx_usart.o(i.usart_receiver_timeout_threshold_config), (20 bytes).
    Removing gd32f4xx_usart.o(i.usart_sample_bit_config), (16 bytes).
    Removing gd32f4xx_usart.o(i.usart_send_break), (10 bytes).
    Removing gd32f4xx_usart.o(i.usart_smartcard_autoretry_config), (26 bytes).
    Removing gd32f4xx_usart.o(i.usart_smartcard_mode_disable), (10 bytes).
    Removing gd32f4xx_usart.o(i.usart_smartcard_mode_enable), (10 bytes).
    Removing gd32f4xx_usart.o(i.usart_smartcard_mode_nack_disable), (10 bytes).
    Removing gd32f4xx_usart.o(i.usart_smartcard_mode_nack_enable), (10 bytes).
    Removing gd32f4xx_usart.o(i.usart_stop_bit_set), (16 bytes).
    Removing gd32f4xx_usart.o(i.usart_synchronous_clock_config), (34 bytes).
    Removing gd32f4xx_usart.o(i.usart_synchronous_clock_disable), (10 bytes).
    Removing gd32f4xx_usart.o(i.usart_synchronous_clock_enable), (10 bytes).
    Removing gd32f4xx_usart.o(i.usart_transmit_config), (16 bytes).
    Removing gd32f4xx_usart.o(i.usart_word_length_set), (16 bytes).
    Removing gd32f4xx_wwdgt.o(.rev16_text), (4 bytes).
    Removing gd32f4xx_wwdgt.o(.revsh_text), (4 bytes).
    Removing gd32f4xx_wwdgt.o(i.wwdgt_config), (28 bytes).
    Removing gd32f4xx_wwdgt.o(i.wwdgt_counter_update), (16 bytes).
    Removing gd32f4xx_wwdgt.o(i.wwdgt_deinit), (20 bytes).
    Removing gd32f4xx_wwdgt.o(i.wwdgt_enable), (20 bytes).
    Removing gd32f4xx_wwdgt.o(i.wwdgt_flag_clear), (12 bytes).
    Removing gd32f4xx_wwdgt.o(i.wwdgt_flag_get), (24 bytes).
    Removing gd32f4xx_wwdgt.o(i.wwdgt_interrupt_enable), (20 bytes).
    Removing gd32f450i_eval.o(.rev16_text), (4 bytes).
    Removing gd32f450i_eval.o(.revsh_text), (4 bytes).
    Removing gd32f450i_eval.o(i.gd_eval_com_init), (184 bytes).
    Removing gd32f450i_eval.o(i.gd_eval_key_init), (128 bytes).
    Removing gd32f450i_eval.o(i.gd_eval_key_state_get), (32 bytes).
    Removing gd32f450i_eval.o(i.gd_eval_led_init), (84 bytes).
    Removing gd32f450i_eval.o(i.gd_eval_led_off), (24 bytes).
    Removing gd32f450i_eval.o(i.gd_eval_led_on), (24 bytes).
    Removing gd32f450i_eval.o(i.gd_eval_led_toggle), (24 bytes).
    Removing gd32f450i_eval.o(.data), (97 bytes).
    Removing usart_urbantoo.o(.rev16_text), (4 bytes).
    Removing usart_urbantoo.o(.revsh_text), (4 bytes).
    Removing usart_urbantoo.o(i.send_char), (44 bytes).
    Removing usart_urbantoo.o(i.usart_ubt_init), (344 bytes).
    Removing usart_urbantoo.o(i.usart_ubt_trans), (30 bytes).
    Removing usart_urbantoo.o(.data), (192 bytes).
    Removing ubt_motor.o(.rev16_text), (4 bytes).
    Removing ubt_motor.o(.revsh_text), (4 bytes).
    Removing ubt_motor.o(i.chat_device), (36 bytes).
    Removing ubt_motor.o(i.chat_patch), (88 bytes).
    Removing ubt_motor.o(i.fire_control), (30 bytes).
    Removing ubt_motor.o(i.motor_angle), (64 bytes).
    Removing ubt_motor.o(i.motor_direction), (52 bytes).
    Removing ubt_motor.o(i.motor_numcircle), (64 bytes).
    Removing ubt_motor.o(i.motor_power), (52 bytes).
    Removing ubt_motor.o(i.motor_run_integrate), (114 bytes).
    Removing ubt_motor.o(i.motor_sidesway_integrate), (114 bytes).
    Removing ubt_motor.o(i.motor_speed), (56 bytes).
    Removing ubt_motor.o(i.motor_start), (52 bytes).
    Removing ubt_motor.o(i.motor_stop), (48 bytes).
    Removing ubt_motor.o(i.motor_stop_integrate), (30 bytes).
    Removing ubt_motor.o(i.motor_stop_pattern), (52 bytes).
    Removing ubt_motor.o(i.motor_stoppattern_integrate), (40 bytes).
    Removing ubt_motor.o(i.motor_time), (64 bytes).
    Removing ubt_motor.o(i.motor_turn_integrate), (98 bytes).
    Removing ubt_motor.o(i.usart_moto_receive), (40 bytes).
    Removing ubt_motor.o(.data), (222 bytes).
    Removing bluetooth_protocol.o(.rev16_text), (4 bytes).
    Removing bluetooth_protocol.o(.revsh_text), (4 bytes).
    Removing bluetooth_protocol.o(i.signal_process), (256 bytes).
    Removing gd32f4xx_it.o(.rev16_text), (4 bytes).
    Removing gd32f4xx_it.o(.revsh_text), (4 bytes).
    Removing initialization.o(.rev16_text), (4 bytes).
    Removing initialization.o(.revsh_text), (4 bytes).
    Removing initialization.o(i.dma_configuration), (116 bytes).
    Removing initialization.o(i.timer_configuration), (136 bytes).
    Removing initialization.o(.data), (84 bytes).
    Removing startup_gd32f450_470.o(HEAP), (1024 bytes).
    Removing event_groups.o(i.prvTestWaitCondition), (30 bytes).
    Removing event_groups.o(i.uxEventGroupGetNumber), (14 bytes).
    Removing event_groups.o(i.vEventGroupClearBitsCallback), (16 bytes).
    Removing event_groups.o(i.vEventGroupDelete), (106 bytes).
    Removing event_groups.o(i.vEventGroupSetBitsCallback), (16 bytes).
    Removing event_groups.o(i.vEventGroupSetNumber), (4 bytes).
    Removing event_groups.o(i.xEventGroupClearBits), (92 bytes).
    Removing event_groups.o(i.xEventGroupCreate), (26 bytes).
    Removing event_groups.o(i.xEventGroupGetBitsFromISR), (44 bytes).
    Removing event_groups.o(i.xEventGroupSetBits), (206 bytes).
    Removing event_groups.o(i.xEventGroupSync), (272 bytes).
    Removing event_groups.o(i.xEventGroupWaitBits), (344 bytes).
    Removing queue.o(i.pcQueueGetName), (68 bytes).
    Removing queue.o(i.prvCopyDataToQueue), (126 bytes).
    Removing queue.o(i.prvGetDisinheritPriorityAfterTimeout), (20 bytes).
    Removing queue.o(i.prvInitialiseMutex), (30 bytes).
    Removing queue.o(i.prvIsQueueFull), (30 bytes).
    Removing queue.o(i.ucQueueGetQueueType), (8 bytes).
    Removing queue.o(i.uxQueueGetQueueNumber), (6 bytes).
    Removing queue.o(i.uxQueueMessagesWaiting), (42 bytes).
    Removing queue.o(i.uxQueueMessagesWaitingFromISR), (34 bytes).
    Removing queue.o(i.uxQueueSpacesAvailable), (48 bytes).
    Removing queue.o(i.vQueueDelete), (44 bytes).
    Removing queue.o(i.vQueueSetQueueNumber), (4 bytes).
    Removing queue.o(i.vQueueUnregisterQueue), (72 bytes).
    Removing queue.o(i.xQueueCreateCountingSemaphore), (60 bytes).
    Removing queue.o(i.xQueueCreateMutex), (34 bytes).
    Removing queue.o(i.xQueueGenericSend), (424 bytes).
    Removing queue.o(i.xQueueGenericSendFromISR), (288 bytes).
    Removing queue.o(i.xQueueGiveFromISR), (260 bytes).
    Removing queue.o(i.xQueueGiveMutexRecursive), (72 bytes).
    Removing queue.o(i.xQueueIsQueueEmptyFromISR), (42 bytes).
    Removing queue.o(i.xQueueIsQueueFullFromISR), (46 bytes).
    Removing queue.o(i.xQueuePeek), (368 bytes).
    Removing queue.o(i.xQueuePeekFromISR), (176 bytes).
    Removing queue.o(i.xQueueReceiveFromISR), (238 bytes).
    Removing queue.o(i.xQueueSemaphoreTake), (440 bytes).
    Removing queue.o(i.xQueueTakeMutexRecursive), (78 bytes).
    Removing stream_buffer.o(i.prvBytesInBuffer), (24 bytes).
    Removing stream_buffer.o(i.prvInitialiseNewStreamBuffer), (86 bytes).
    Removing stream_buffer.o(i.prvReadBytesFromBuffer), (180 bytes).
    Removing stream_buffer.o(i.prvReadMessageFromBuffer), (90 bytes).
    Removing stream_buffer.o(i.prvWriteBytesToBuffer), (184 bytes).
    Removing stream_buffer.o(i.prvWriteMessageToBuffer), (90 bytes).
    Removing stream_buffer.o(i.ucStreamBufferGetStreamBufferType), (10 bytes).
    Removing stream_buffer.o(i.uxStreamBufferGetStreamBufferNumber), (6 bytes).
    Removing stream_buffer.o(i.vStreamBufferDelete), (56 bytes).
    Removing stream_buffer.o(i.vStreamBufferSetStreamBufferNumber), (4 bytes).
    Removing stream_buffer.o(i.xStreamBufferBytesAvailable), (42 bytes).
    Removing stream_buffer.o(i.xStreamBufferGenericCreate), (172 bytes).
    Removing stream_buffer.o(i.xStreamBufferIsEmpty), (46 bytes).
    Removing stream_buffer.o(i.xStreamBufferIsFull), (64 bytes).
    Removing stream_buffer.o(i.xStreamBufferNextMessageLengthBytes), (108 bytes).
    Removing stream_buffer.o(i.xStreamBufferReceive), (258 bytes).
    Removing stream_buffer.o(i.xStreamBufferReceiveCompletedFromISR), (104 bytes).
    Removing stream_buffer.o(i.xStreamBufferReceiveFromISR), (184 bytes).
    Removing stream_buffer.o(i.xStreamBufferReset), (74 bytes).
    Removing stream_buffer.o(i.xStreamBufferSend), (346 bytes).
    Removing stream_buffer.o(i.xStreamBufferSendCompletedFromISR), (104 bytes).
    Removing stream_buffer.o(i.xStreamBufferSendFromISR), (186 bytes).
    Removing stream_buffer.o(i.xStreamBufferSetTriggerLevel), (50 bytes).
    Removing stream_buffer.o(i.xStreamBufferSpacesAvailable), (64 bytes).
    Removing tasks.o(i.eTaskGetState), (164 bytes).
    Removing tasks.o(i.pcTaskGetName), (48 bytes).
    Removing tasks.o(i.prvListTasksWithinSingleList), (106 bytes).
    Removing tasks.o(i.prvTaskCheckFreeStackSpace), (22 bytes).
    Removing tasks.o(i.pvTaskIncrementMutexHeldCount), (32 bytes).
    Removing tasks.o(i.ulTaskGenericNotifyTake), (168 bytes).
    Removing tasks.o(i.ulTaskGenericNotifyValueClear), (64 bytes).
    Removing tasks.o(i.uxTaskGetNumberOfTasks), (12 bytes).
    Removing tasks.o(i.uxTaskGetSystemState), (176 bytes).
    Removing tasks.o(i.uxTaskGetTaskNumber), (14 bytes).
    Removing tasks.o(i.uxTaskPriorityGet), (36 bytes).
    Removing tasks.o(i.uxTaskPriorityGetFromISR), (68 bytes).
    Removing tasks.o(i.uxTaskResetEventItemValue), (28 bytes).
    Removing tasks.o(i.vTaskDelete), (252 bytes).
    Removing tasks.o(i.vTaskEndScheduler), (36 bytes).
    Removing tasks.o(i.vTaskGenericNotifyGiveFromISR), (396 bytes).
    Removing tasks.o(i.vTaskGetInfo), (132 bytes).
    Removing tasks.o(i.vTaskPlaceOnUnorderedEventList), (144 bytes).
    Removing tasks.o(i.vTaskPriorityDisinheritAfterTimeout), (280 bytes).
    Removing tasks.o(i.vTaskPrioritySet), (328 bytes).
    Removing tasks.o(i.vTaskRemoveFromUnorderedEventList), (272 bytes).
    Removing tasks.o(i.vTaskSetTaskNumber), (8 bytes).
    Removing tasks.o(i.vTaskSetTimeOutState), (60 bytes).
    Removing tasks.o(i.xTaskCatchUpTicks), (72 bytes).
    Removing tasks.o(i.xTaskDelayUntil), (216 bytes).
    Removing tasks.o(i.xTaskGenericNotify), (464 bytes).
    Removing tasks.o(i.xTaskGenericNotifyFromISR), (548 bytes).
    Removing tasks.o(i.xTaskGenericNotifyStateClear), (96 bytes).
    Removing tasks.o(i.xTaskGenericNotifyWait), (204 bytes).
    Removing tasks.o(i.xTaskGetCurrentTaskHandle), (12 bytes).
    Removing tasks.o(i.xTaskGetTickCountFromISR), (20 bytes).
    Removing tasks.o(i.xTaskPriorityDisinherit), (240 bytes).
    Removing tasks.o(i.xTaskPriorityInherit), (236 bytes).
    Removing tasks.o(i.xTaskResumeFromISR), (244 bytes).
    Removing timers.o(i.pcTimerGetName), (32 bytes).
    Removing timers.o(i.prvInitialiseNewTimer), (88 bytes).
    Removing timers.o(i.pvTimerGetTimerID), (44 bytes).
    Removing timers.o(i.uxTimerGetReloadMode), (58 bytes).
    Removing timers.o(i.uxTimerGetTimerNumber), (6 bytes).
    Removing timers.o(i.vTimerSetReloadMode), (70 bytes).
    Removing timers.o(i.vTimerSetTimerID), (44 bytes).
    Removing timers.o(i.vTimerSetTimerNumber), (4 bytes).
    Removing timers.o(i.xTimerCreate), (54 bytes).
    Removing timers.o(i.xTimerGenericCommand), (132 bytes).
    Removing timers.o(i.xTimerGetExpiryTime), (34 bytes).
    Removing timers.o(i.xTimerGetPeriod), (32 bytes).
    Removing timers.o(i.xTimerGetTimerDaemonTaskHandle), (48 bytes).
    Removing timers.o(i.xTimerIsTimerActive), (58 bytes).
    Removing port.o(i.vPortEndScheduler), (48 bytes).
    Removing port.o(i.vPortValidateInterruptPriority), (120 bytes).
    Removing heap_4.o(i.vPortGetHeapStats), (128 bytes).
    Removing heap_4.o(i.vPortInitialiseBlocks), (2 bytes).
    Removing heap_4.o(i.xPortGetFreeHeapSize), (12 bytes).
    Removing heap_4.o(i.xPortGetMinimumEverFreeHeapSize), (12 bytes).

1086 unused section(s) (total 72687 bytes) removed from the image.

==============================================================================

Image Symbol Table

    Local Symbols

    Symbol Name                              Value     Ov Type        Size  Object(Section)

    ../clib/../cmprslib/zerorunl2.c          0x00000000   Number         0  __dczerorl2.o ABSOLUTE
    ../clib/microlib/init/entry.s            0x00000000   Number         0  entry5.o ABSOLUTE
    ../clib/microlib/init/entry.s            0x00000000   Number         0  entry9a.o ABSOLUTE
    ../clib/microlib/init/entry.s            0x00000000   Number         0  entry10a.o ABSOLUTE
    ../clib/microlib/init/entry.s            0x00000000   Number         0  entry9b.o ABSOLUTE
    ../clib/microlib/init/entry.s            0x00000000   Number         0  entry8b.o ABSOLUTE
    ../clib/microlib/init/entry.s            0x00000000   Number         0  entry.o ABSOLUTE
    ../clib/microlib/init/entry.s            0x00000000   Number         0  entry7a.o ABSOLUTE
    ../clib/microlib/init/entry.s            0x00000000   Number         0  entry7b.o ABSOLUTE
    ../clib/microlib/init/entry.s            0x00000000   Number         0  entry8a.o ABSOLUTE
    ../clib/microlib/init/entry.s            0x00000000   Number         0  entry2.o ABSOLUTE
    ../clib/microlib/init/entry.s            0x00000000   Number         0  entry10b.o ABSOLUTE
    ../clib/microlib/init/entry.s            0x00000000   Number         0  entry11a.o ABSOLUTE
    ../clib/microlib/init/entry.s            0x00000000   Number         0  entry11b.o ABSOLUTE
    ../clib/microlib/init/entry.s            0x00000000   Number         0  entry12a.o ABSOLUTE
    ../clib/microlib/init/entry.s            0x00000000   Number         0  entry12b.o ABSOLUTE
    ../clib/microlib/string/memcpy.c         0x00000000   Number         0  memcpyb.o ABSOLUTE
    ../clib/microlib/string/memcpy.c         0x00000000   Number         0  memcpya.o ABSOLUTE
    ../clib/microlib/string/memset.c         0x00000000   Number         0  memset.o ABSOLUTE
    ../clib/microlib/string/memset.c         0x00000000   Number         0  memseta.o ABSOLUTE
    ..\Application\key.c                     0x00000000   Number         0  key.o ABSOLUTE
    ..\Application\led.c                     0x00000000   Number         0  led.o ABSOLUTE
    ..\Application\main.c                    0x00000000   Number         0  main.o ABSOLUTE
    ..\Application\systick.c                 0x00000000   Number         0  systick.o ABSOLUTE
    ..\CMSIS\GD\GD32F4xx\Source\system_gd32f4xx.c 0x00000000   Number         0  system_gd32f4xx.o ABSOLUTE
    ..\GD32F4xx_EVAL\controler_mcu_protocol\bluetooth_protocol.c 0x00000000   Number         0  bluetooth_protocol.o ABSOLUTE
    ..\GD32F4xx_EVAL\controler_mcu_protocol\copy.c 0x00000000   Number         0  copy.o ABSOLUTE
    ..\GD32F4xx_EVAL\controler_mcu_protocol\gd32f4xx_it.c 0x00000000   Number         0  gd32f4xx_it.o ABSOLUTE
    ..\GD32F4xx_EVAL\controler_mcu_protocol\initialization.c 0x00000000   Number         0  initialization.o ABSOLUTE
    ..\GD32F4xx_EVAL\gd32f450i_eval.c        0x00000000   Number         0  gd32f450i_eval.o ABSOLUTE
    ..\GD32F4xx_EVAL\ubt_motor.c             0x00000000   Number         0  ubt_motor.o ABSOLUTE
    ..\GD32F4xx_EVAL\usart_urbantoo.c        0x00000000   Number         0  usart_urbantoo.o ABSOLUTE
    ..\GD32F4xx_standard_peripheral\Source\gd32f4xx_adc.c 0x00000000   Number         0  gd32f4xx_adc.o ABSOLUTE
    ..\GD32F4xx_standard_peripheral\Source\gd32f4xx_can.c 0x00000000   Number         0  gd32f4xx_can.o ABSOLUTE
    ..\GD32F4xx_standard_peripheral\Source\gd32f4xx_crc.c 0x00000000   Number         0  gd32f4xx_crc.o ABSOLUTE
    ..\GD32F4xx_standard_peripheral\Source\gd32f4xx_ctc.c 0x00000000   Number         0  gd32f4xx_ctc.o ABSOLUTE
    ..\GD32F4xx_standard_peripheral\Source\gd32f4xx_dac.c 0x00000000   Number         0  gd32f4xx_dac.o ABSOLUTE
    ..\GD32F4xx_standard_peripheral\Source\gd32f4xx_dbg.c 0x00000000   Number         0  gd32f4xx_dbg.o ABSOLUTE
    ..\GD32F4xx_standard_peripheral\Source\gd32f4xx_dci.c 0x00000000   Number         0  gd32f4xx_dci.o ABSOLUTE
    ..\GD32F4xx_standard_peripheral\Source\gd32f4xx_dma.c 0x00000000   Number         0  gd32f4xx_dma.o ABSOLUTE
    ..\GD32F4xx_standard_peripheral\Source\gd32f4xx_enet.c 0x00000000   Number         0  gd32f4xx_enet.o ABSOLUTE
    ..\GD32F4xx_standard_peripheral\Source\gd32f4xx_exmc.c 0x00000000   Number         0  gd32f4xx_exmc.o ABSOLUTE
    ..\GD32F4xx_standard_peripheral\Source\gd32f4xx_exti.c 0x00000000   Number         0  gd32f4xx_exti.o ABSOLUTE
    ..\GD32F4xx_standard_peripheral\Source\gd32f4xx_fmc.c 0x00000000   Number         0  gd32f4xx_fmc.o ABSOLUTE
    ..\GD32F4xx_standard_peripheral\Source\gd32f4xx_fwdgt.c 0x00000000   Number         0  gd32f4xx_fwdgt.o ABSOLUTE
    ..\GD32F4xx_standard_peripheral\Source\gd32f4xx_gpio.c 0x00000000   Number         0  gd32f4xx_gpio.o ABSOLUTE
    ..\GD32F4xx_standard_peripheral\Source\gd32f4xx_i2c.c 0x00000000   Number         0  gd32f4xx_i2c.o ABSOLUTE
    ..\GD32F4xx_standard_peripheral\Source\gd32f4xx_ipa.c 0x00000000   Number         0  gd32f4xx_ipa.o ABSOLUTE
    ..\GD32F4xx_standard_peripheral\Source\gd32f4xx_iref.c 0x00000000   Number         0  gd32f4xx_iref.o ABSOLUTE
    ..\GD32F4xx_standard_peripheral\Source\gd32f4xx_misc.c 0x00000000   Number         0  gd32f4xx_misc.o ABSOLUTE
    ..\GD32F4xx_standard_peripheral\Source\gd32f4xx_pmu.c 0x00000000   Number         0  gd32f4xx_pmu.o ABSOLUTE
    ..\GD32F4xx_standard_peripheral\Source\gd32f4xx_rcu.c 0x00000000   Number         0  gd32f4xx_rcu.o ABSOLUTE
    ..\GD32F4xx_standard_peripheral\Source\gd32f4xx_rtc.c 0x00000000   Number         0  gd32f4xx_rtc.o ABSOLUTE
    ..\GD32F4xx_standard_peripheral\Source\gd32f4xx_sdio.c 0x00000000   Number         0  gd32f4xx_sdio.o ABSOLUTE
    ..\GD32F4xx_standard_peripheral\Source\gd32f4xx_spi.c 0x00000000   Number         0  gd32f4xx_spi.o ABSOLUTE
    ..\GD32F4xx_standard_peripheral\Source\gd32f4xx_syscfg.c 0x00000000   Number         0  gd32f4xx_syscfg.o ABSOLUTE
    ..\GD32F4xx_standard_peripheral\Source\gd32f4xx_timer.c 0x00000000   Number         0  gd32f4xx_timer.o ABSOLUTE
    ..\GD32F4xx_standard_peripheral\Source\gd32f4xx_tli.c 0x00000000   Number         0  gd32f4xx_tli.o ABSOLUTE
    ..\GD32F4xx_standard_peripheral\Source\gd32f4xx_trng.c 0x00000000   Number         0  gd32f4xx_trng.o ABSOLUTE
    ..\GD32F4xx_standard_peripheral\Source\gd32f4xx_usart.c 0x00000000   Number         0  gd32f4xx_usart.o ABSOLUTE
    ..\GD32F4xx_standard_peripheral\Source\gd32f4xx_wwdgt.c 0x00000000   Number         0  gd32f4xx_wwdgt.o ABSOLUTE
    ..\\Application\\key.c                   0x00000000   Number         0  key.o ABSOLUTE
    ..\\Application\\led.c                   0x00000000   Number         0  led.o ABSOLUTE
    ..\\Application\\main.c                  0x00000000   Number         0  main.o ABSOLUTE
    ..\\Application\\systick.c               0x00000000   Number         0  systick.o ABSOLUTE
    ..\\CMSIS\\GD\\GD32F4xx\\Source\\system_gd32f4xx.c 0x00000000   Number         0  system_gd32f4xx.o ABSOLUTE
    ..\\GD32F4xx_EVAL\\controler_mcu_protocol\\bluetooth_protocol.c 0x00000000   Number         0  bluetooth_protocol.o ABSOLUTE
    ..\\GD32F4xx_EVAL\\controler_mcu_protocol\\gd32f4xx_it.c 0x00000000   Number         0  gd32f4xx_it.o ABSOLUTE
    ..\\GD32F4xx_EVAL\\controler_mcu_protocol\\initialization.c 0x00000000   Number         0  initialization.o ABSOLUTE
    ..\\GD32F4xx_EVAL\\gd32f450i_eval.c      0x00000000   Number         0  gd32f450i_eval.o ABSOLUTE
    ..\\GD32F4xx_EVAL\\ubt_motor.c           0x00000000   Number         0  ubt_motor.o ABSOLUTE
    ..\\GD32F4xx_EVAL\\usart_urbantoo.c      0x00000000   Number         0  usart_urbantoo.o ABSOLUTE
    ..\\GD32F4xx_standard_peripheral\\Source\\gd32f4xx_adc.c 0x00000000   Number         0  gd32f4xx_adc.o ABSOLUTE
    ..\\GD32F4xx_standard_peripheral\\Source\\gd32f4xx_can.c 0x00000000   Number         0  gd32f4xx_can.o ABSOLUTE
    ..\\GD32F4xx_standard_peripheral\\Source\\gd32f4xx_crc.c 0x00000000   Number         0  gd32f4xx_crc.o ABSOLUTE
    ..\\GD32F4xx_standard_peripheral\\Source\\gd32f4xx_ctc.c 0x00000000   Number         0  gd32f4xx_ctc.o ABSOLUTE
    ..\\GD32F4xx_standard_peripheral\\Source\\gd32f4xx_dac.c 0x00000000   Number         0  gd32f4xx_dac.o ABSOLUTE
    ..\\GD32F4xx_standard_peripheral\\Source\\gd32f4xx_dbg.c 0x00000000   Number         0  gd32f4xx_dbg.o ABSOLUTE
    ..\\GD32F4xx_standard_peripheral\\Source\\gd32f4xx_dci.c 0x00000000   Number         0  gd32f4xx_dci.o ABSOLUTE
    ..\\GD32F4xx_standard_peripheral\\Source\\gd32f4xx_dma.c 0x00000000   Number         0  gd32f4xx_dma.o ABSOLUTE
    ..\\GD32F4xx_standard_peripheral\\Source\\gd32f4xx_enet.c 0x00000000   Number         0  gd32f4xx_enet.o ABSOLUTE
    ..\\GD32F4xx_standard_peripheral\\Source\\gd32f4xx_exmc.c 0x00000000   Number         0  gd32f4xx_exmc.o ABSOLUTE
    ..\\GD32F4xx_standard_peripheral\\Source\\gd32f4xx_exti.c 0x00000000   Number         0  gd32f4xx_exti.o ABSOLUTE
    ..\\GD32F4xx_standard_peripheral\\Source\\gd32f4xx_fmc.c 0x00000000   Number         0  gd32f4xx_fmc.o ABSOLUTE
    ..\\GD32F4xx_standard_peripheral\\Source\\gd32f4xx_fwdgt.c 0x00000000   Number         0  gd32f4xx_fwdgt.o ABSOLUTE
    ..\\GD32F4xx_standard_peripheral\\Source\\gd32f4xx_gpio.c 0x00000000   Number         0  gd32f4xx_gpio.o ABSOLUTE
    ..\\GD32F4xx_standard_peripheral\\Source\\gd32f4xx_i2c.c 0x00000000   Number         0  gd32f4xx_i2c.o ABSOLUTE
    ..\\GD32F4xx_standard_peripheral\\Source\\gd32f4xx_ipa.c 0x00000000   Number         0  gd32f4xx_ipa.o ABSOLUTE
    ..\\GD32F4xx_standard_peripheral\\Source\\gd32f4xx_iref.c 0x00000000   Number         0  gd32f4xx_iref.o ABSOLUTE
    ..\\GD32F4xx_standard_peripheral\\Source\\gd32f4xx_misc.c 0x00000000   Number         0  gd32f4xx_misc.o ABSOLUTE
    ..\\GD32F4xx_standard_peripheral\\Source\\gd32f4xx_pmu.c 0x00000000   Number         0  gd32f4xx_pmu.o ABSOLUTE
    ..\\GD32F4xx_standard_peripheral\\Source\\gd32f4xx_rcu.c 0x00000000   Number         0  gd32f4xx_rcu.o ABSOLUTE
    ..\\GD32F4xx_standard_peripheral\\Source\\gd32f4xx_rtc.c 0x00000000   Number         0  gd32f4xx_rtc.o ABSOLUTE
    ..\\GD32F4xx_standard_peripheral\\Source\\gd32f4xx_sdio.c 0x00000000   Number         0  gd32f4xx_sdio.o ABSOLUTE
    ..\\GD32F4xx_standard_peripheral\\Source\\gd32f4xx_spi.c 0x00000000   Number         0  gd32f4xx_spi.o ABSOLUTE
    ..\\GD32F4xx_standard_peripheral\\Source\\gd32f4xx_syscfg.c 0x00000000   Number         0  gd32f4xx_syscfg.o ABSOLUTE
    ..\\GD32F4xx_standard_peripheral\\Source\\gd32f4xx_timer.c 0x00000000   Number         0  gd32f4xx_timer.o ABSOLUTE
    ..\\GD32F4xx_standard_peripheral\\Source\\gd32f4xx_tli.c 0x00000000   Number         0  gd32f4xx_tli.o ABSOLUTE
    ..\\GD32F4xx_standard_peripheral\\Source\\gd32f4xx_trng.c 0x00000000   Number         0  gd32f4xx_trng.o ABSOLUTE
    ..\\GD32F4xx_standard_peripheral\\Source\\gd32f4xx_usart.c 0x00000000   Number         0  gd32f4xx_usart.o ABSOLUTE
    ..\\GD32F4xx_standard_peripheral\\Source\\gd32f4xx_wwdgt.c 0x00000000   Number         0  gd32f4xx_wwdgt.o ABSOLUTE
    ..\\freeRTOS\\portable\\RVDS\\ARM_CM4F\\port.c 0x00000000   Number         0  port.o ABSOLUTE
    ..\freeRTOS\portable\MemMang\heap_4.c    0x00000000   Number         0  heap_4.o ABSOLUTE
    ..\freeRTOS\portable\RVDS\ARM_CM4F\port.c 0x00000000   Number         0  port.o ABSOLUTE
    ..\freeRTOS\src\croutine.c               0x00000000   Number         0  croutine.o ABSOLUTE
    ..\freeRTOS\src\event_groups.c           0x00000000   Number         0  event_groups.o ABSOLUTE
    ..\freeRTOS\src\list.c                   0x00000000   Number         0  list.o ABSOLUTE
    ..\freeRTOS\src\queue.c                  0x00000000   Number         0  queue.o ABSOLUTE
    ..\freeRTOS\src\stream_buffer.c          0x00000000   Number         0  stream_buffer.o ABSOLUTE
    ..\freeRTOS\src\tasks.c                  0x00000000   Number         0  tasks.o ABSOLUTE
    ..\freeRTOS\src\timers.c                 0x00000000   Number         0  timers.o ABSOLUTE
    ..\startup\startup_gd32f450_470.s        0x00000000   Number         0  startup_gd32f450_470.o ABSOLUTE
    dc.s                                     0x00000000   Number         0  dc.o ABSOLUTE
    handlers.s                               0x00000000   Number         0  handlers.o ABSOLUTE
    init.s                                   0x00000000   Number         0  init.o ABSOLUTE
    RESET                                    0x08000000   Section      428  startup_gd32f450_470.o(RESET)
    .ARM.Collect$$$$00000000                 0x080001ac   Section        0  entry.o(.ARM.Collect$$$$00000000)
    .ARM.Collect$$$$00000001                 0x080001ac   Section        4  entry2.o(.ARM.Collect$$$$00000001)
    .ARM.Collect$$$$00000004                 0x080001b0   Section        4  entry5.o(.ARM.Collect$$$$00000004)
    .ARM.Collect$$$$00000008                 0x080001b4   Section        0  entry7b.o(.ARM.Collect$$$$00000008)
    .ARM.Collect$$$$0000000A                 0x080001b4   Section        0  entry8b.o(.ARM.Collect$$$$0000000A)
    .ARM.Collect$$$$0000000B                 0x080001b4   Section        8  entry9a.o(.ARM.Collect$$$$0000000B)
    .ARM.Collect$$$$0000000E                 0x080001bc   Section        4  entry12b.o(.ARM.Collect$$$$0000000E)
    .ARM.Collect$$$$0000000F                 0x080001c0   Section        0  entry10a.o(.ARM.Collect$$$$0000000F)
    .ARM.Collect$$$$00000011                 0x080001c0   Section        0  entry11a.o(.ARM.Collect$$$$00000011)
    .ARM.Collect$$$$00002712                 0x080001c0   Section        4  entry2.o(.ARM.Collect$$$$00002712)
    __lit__00000000                          0x080001c0   Data           4  entry2.o(.ARM.Collect$$$$00002712)
    .emb_text                                0x080001c4   Section      190  port.o(.emb_text)
    $v0                                      0x080001c4   Number         0  port.o(.emb_text)
    .text                                    0x08000284   Section       36  startup_gd32f450_470.o(.text)
    $v0                                      0x08000284   Number         0  startup_gd32f450_470.o(.text)
    .text                                    0x080002a8   Section        0  memcpya.o(.text)
    .text                                    0x080002cc   Section        0  memseta.o(.text)
    .text                                    0x080002f0   Section       36  init.o(.text)
    .text                                    0x08000314   Section        0  __dczerorl2.o(.text)
    i.BusFault_Handler                       0x0800036a   Section        0  gd32f4xx_it.o(i.BusFault_Handler)
    i.DMA1_Channel2_IRQHandler               0x0800036e   Section        0  gd32f4xx_it.o(i.DMA1_Channel2_IRQHandler)
    i.DebugMon_Handler                       0x08000376   Section        0  gd32f4xx_it.o(i.DebugMon_Handler)
    i.HardFault_Handler                      0x08000378   Section        0  gd32f4xx_it.o(i.HardFault_Handler)
    i.KEY1_task                              0x0800037c   Section        0  main.o(i.KEY1_task)
    i.LED1_task                              0x080003c0   Section        0  main.o(i.LED1_task)
    i.LED2_task                              0x080003e0   Section        0  main.o(i.LED2_task)
    i.MemManage_Handler                      0x08000400   Section        0  gd32f4xx_it.o(i.MemManage_Handler)
    i.NMI_Handler                            0x08000404   Section        0  gd32f4xx_it.o(i.NMI_Handler)
    i.SysTick_Handler                        0x08000408   Section        0  port.o(i.SysTick_Handler)
    i.SystemInit                             0x0800043c   Section        0  system_gd32f4xx.o(i.SystemInit)
    i.TIMER6_IRQHandler                      0x08000510   Section        0  gd32f4xx_it.o(i.TIMER6_IRQHandler)
    i.USART0_IRQHandler                      0x08000524   Section        0  gd32f4xx_it.o(i.USART0_IRQHandler)
    i.UsageFault_Handler                     0x08000526   Section        0  gd32f4xx_it.o(i.UsageFault_Handler)
    i.__scatterload_copy                     0x0800052a   Section       14  handlers.o(i.__scatterload_copy)
    i.__scatterload_null                     0x08000538   Section        2  handlers.o(i.__scatterload_null)
    i.__scatterload_zeroinit                 0x0800053a   Section       14  handlers.o(i.__scatterload_zeroinit)
    i.delay_start                            0x08000548   Section        0  led.o(i.delay_start)
    i.gpio_bit_reset                         0x08000560   Section        0  gd32f4xx_gpio.o(i.gpio_bit_reset)
    i.gpio_bit_set                           0x08000564   Section        0  gd32f4xx_gpio.o(i.gpio_bit_set)
    i.gpio_input_bit_get                     0x08000568   Section        0  gd32f4xx_gpio.o(i.gpio_input_bit_get)
    i.gpio_mode_set                          0x08000578   Section        0  gd32f4xx_gpio.o(i.gpio_mode_set)
    i.gpio_output_options_set                0x080005c6   Section        0  gd32f4xx_gpio.o(i.gpio_output_options_set)
    i.key_init                               0x08000608   Section        0  key.o(i.key_init)
    i.key_left                               0x0800064c   Section        0  key.o(i.key_left)
    i.led1_close                             0x08000664   Section        0  led.o(i.led1_close)
    i.led1_open                              0x0800069c   Section        0  led.o(i.led1_open)
    i.led2_close                             0x080006d4   Section        0  led.o(i.led2_close)
    i.led2_open                              0x08000714   Section        0  led.o(i.led2_open)
    i.led_init                               0x08000754   Section        0  led.o(i.led_init)
    i.main                                   0x08000844   Section        0  main.o(i.main)
    i.nvic_priority_group_set                0x080008c8   Section        0  gd32f4xx_misc.o(i.nvic_priority_group_set)
    i.prvAddCurrentTaskToDelayedList         0x080008dc   Section        0  tasks.o(i.prvAddCurrentTaskToDelayedList)
    prvAddCurrentTaskToDelayedList           0x080008dd   Thumb Code   164  tasks.o(i.prvAddCurrentTaskToDelayedList)
    i.prvAddNewTaskToReadyList               0x0800099c   Section        0  tasks.o(i.prvAddNewTaskToReadyList)
    prvAddNewTaskToReadyList                 0x0800099d   Thumb Code   206  tasks.o(i.prvAddNewTaskToReadyList)
    i.prvCheckForValidListAndQueue           0x08000a88   Section        0  timers.o(i.prvCheckForValidListAndQueue)
    prvCheckForValidListAndQueue             0x08000a89   Thumb Code    72  timers.o(i.prvCheckForValidListAndQueue)
    i.prvCheckTasksWaitingTermination        0x08000aec   Section        0  tasks.o(i.prvCheckTasksWaitingTermination)
    prvCheckTasksWaitingTermination          0x08000aed   Thumb Code    60  tasks.o(i.prvCheckTasksWaitingTermination)
    i.prvCopyDataFromQueue                   0x08000b34   Section        0  queue.o(i.prvCopyDataFromQueue)
    prvCopyDataFromQueue                     0x08000b35   Thumb Code    42  queue.o(i.prvCopyDataFromQueue)
    i.prvDeleteTCB                           0x08000b5e   Section        0  tasks.o(i.prvDeleteTCB)
    prvDeleteTCB                             0x08000b5f   Thumb Code    18  tasks.o(i.prvDeleteTCB)
    i.prvGetNextExpireTime                   0x08000b70   Section        0  timers.o(i.prvGetNextExpireTime)
    prvGetNextExpireTime                     0x08000b71   Thumb Code    36  timers.o(i.prvGetNextExpireTime)
    i.prvHeapInit                            0x08000b98   Section        0  heap_4.o(i.prvHeapInit)
    prvHeapInit                              0x08000b99   Thumb Code    98  heap_4.o(i.prvHeapInit)
    i.prvIdleTask                            0x08000c14   Section        0  tasks.o(i.prvIdleTask)
    prvIdleTask                              0x08000c15   Thumb Code    32  tasks.o(i.prvIdleTask)
    i.prvInitialiseNewQueue                  0x08000c3c   Section        0  queue.o(i.prvInitialiseNewQueue)
    prvInitialiseNewQueue                    0x08000c3d   Thumb Code    42  queue.o(i.prvInitialiseNewQueue)
    i.prvInitialiseNewTask                   0x08000c66   Section        0  tasks.o(i.prvInitialiseNewTask)
    prvInitialiseNewTask                     0x08000c67   Thumb Code   224  tasks.o(i.prvInitialiseNewTask)
    i.prvInitialiseTaskLists                 0x08000d48   Section        0  tasks.o(i.prvInitialiseTaskLists)
    prvInitialiseTaskLists                   0x08000d49   Thumb Code    70  tasks.o(i.prvInitialiseTaskLists)
    i.prvInsertBlockIntoFreeList             0x08000db0   Section        0  heap_4.o(i.prvInsertBlockIntoFreeList)
    prvInsertBlockIntoFreeList               0x08000db1   Thumb Code    96  heap_4.o(i.prvInsertBlockIntoFreeList)
    i.prvInsertTimerInActiveList             0x08000e18   Section        0  timers.o(i.prvInsertTimerInActiveList)
    prvInsertTimerInActiveList               0x08000e19   Thumb Code    80  timers.o(i.prvInsertTimerInActiveList)
    i.prvIsQueueEmpty                        0x08000e70   Section        0  queue.o(i.prvIsQueueEmpty)
    prvIsQueueEmpty                          0x08000e71   Thumb Code    26  queue.o(i.prvIsQueueEmpty)
    i.prvProcessExpiredTimer                 0x08000e8c   Section        0  timers.o(i.prvProcessExpiredTimer)
    prvProcessExpiredTimer                   0x08000e8d   Thumb Code    62  timers.o(i.prvProcessExpiredTimer)
    i.prvProcessReceivedCommands             0x08000ed0   Section        0  timers.o(i.prvProcessReceivedCommands)
    prvProcessReceivedCommands               0x08000ed1   Thumb Code   280  timers.o(i.prvProcessReceivedCommands)
    i.prvProcessTimerOrBlockTask             0x08000fec   Section        0  timers.o(i.prvProcessTimerOrBlockTask)
    prvProcessTimerOrBlockTask               0x08000fed   Thumb Code   102  timers.o(i.prvProcessTimerOrBlockTask)
    i.prvReloadTimer                         0x08001060   Section        0  timers.o(i.prvReloadTimer)
    prvReloadTimer                           0x08001061   Thumb Code    40  timers.o(i.prvReloadTimer)
    i.prvResetNextTaskUnblockTime            0x08001088   Section        0  tasks.o(i.prvResetNextTaskUnblockTime)
    prvResetNextTaskUnblockTime              0x08001089   Thumb Code    40  tasks.o(i.prvResetNextTaskUnblockTime)
    i.prvSampleTimeNow                       0x080010b8   Section        0  timers.o(i.prvSampleTimeNow)
    prvSampleTimeNow                         0x080010b9   Thumb Code    40  timers.o(i.prvSampleTimeNow)
    i.prvSwitchTimerLists                    0x080010e4   Section        0  timers.o(i.prvSwitchTimerLists)
    prvSwitchTimerLists                      0x080010e5   Thumb Code    58  timers.o(i.prvSwitchTimerLists)
    i.prvTaskExitError                       0x08001128   Section        0  port.o(i.prvTaskExitError)
    prvTaskExitError                         0x08001129   Thumb Code    60  port.o(i.prvTaskExitError)
    i.prvTaskIsTaskSuspended                 0x08001168   Section        0  tasks.o(i.prvTaskIsTaskSuspended)
    prvTaskIsTaskSuspended                   0x08001169   Thumb Code    80  tasks.o(i.prvTaskIsTaskSuspended)
    i.prvTimerTask                           0x080011c0   Section        0  timers.o(i.prvTimerTask)
    prvTimerTask                             0x080011c1   Thumb Code    26  timers.o(i.prvTimerTask)
    i.prvUnlockQueue                         0x080011da   Section        0  queue.o(i.prvUnlockQueue)
    prvUnlockQueue                           0x080011db   Thumb Code   126  queue.o(i.prvUnlockQueue)
    i.pvPortMalloc                           0x08001258   Section        0  heap_4.o(i.pvPortMalloc)
    i.pxPortInitialiseStack                  0x080013c4   Section        0  port.o(i.pxPortInitialiseStack)
    i.rcu_periph_clock_enable                0x080013f0   Section        0  gd32f4xx_rcu.o(i.rcu_periph_clock_enable)
    i.read_signal                            0x08001414   Section        0  bluetooth_protocol.o(i.read_signal)
    i.system_clock_200m_25m_hxtal            0x0800142c   Section        0  system_gd32f4xx.o(i.system_clock_200m_25m_hxtal)
    system_clock_200m_25m_hxtal              0x0800142d   Thumb Code   240  system_gd32f4xx.o(i.system_clock_200m_25m_hxtal)
    i.system_clock_config                    0x08001528   Section        0  system_gd32f4xx.o(i.system_clock_config)
    system_clock_config                      0x08001529   Thumb Code     8  system_gd32f4xx.o(i.system_clock_config)
    i.timer_interrupt_flag_clear             0x08001530   Section        0  gd32f4xx_timer.o(i.timer_interrupt_flag_clear)
    i.uxListRemove                           0x08001536   Section        0  list.o(i.uxListRemove)
    i.vListInitialise                        0x0800155e   Section        0  list.o(i.vListInitialise)
    i.vListInitialiseItem                    0x08001578   Section        0  list.o(i.vListInitialiseItem)
    i.vListInsert                            0x0800157e   Section        0  list.o(i.vListInsert)
    i.vListInsertEnd                         0x080015b2   Section        0  list.o(i.vListInsertEnd)
    i.vPortEnterCritical                     0x080015cc   Section        0  port.o(i.vPortEnterCritical)
    i.vPortExitCritical                      0x08001620   Section        0  port.o(i.vPortExitCritical)
    i.vPortFree                              0x0800165c   Section        0  heap_4.o(i.vPortFree)
    i.vPortSetupTimerInterrupt               0x08001700   Section        0  port.o(i.vPortSetupTimerInterrupt)
    i.vQueueAddToRegistry                    0x08001728   Section        0  queue.o(i.vQueueAddToRegistry)
    i.vQueueWaitForMessageRestricted         0x08001788   Section        0  queue.o(i.vQueueWaitForMessageRestricted)
    i.vTaskDelay                             0x080017d4   Section        0  tasks.o(i.vTaskDelay)
    i.vTaskInternalSetTimeOutState           0x08001830   Section        0  tasks.o(i.vTaskInternalSetTimeOutState)
    i.vTaskMissedYield                       0x08001848   Section        0  tasks.o(i.vTaskMissedYield)
    i.vTaskPlaceOnEventList                  0x08001854   Section        0  tasks.o(i.vTaskPlaceOnEventList)
    i.vTaskPlaceOnEventListRestricted        0x0800188c   Section        0  tasks.o(i.vTaskPlaceOnEventListRestricted)
    i.vTaskResume                            0x080018f0   Section        0  tasks.o(i.vTaskResume)
    i.vTaskStartScheduler                    0x080019b4   Section        0  tasks.o(i.vTaskStartScheduler)
    i.vTaskSuspend                           0x08001a50   Section        0  tasks.o(i.vTaskSuspend)
    i.vTaskSuspendAll                        0x08001b50   Section        0  tasks.o(i.vTaskSuspendAll)
    i.vTaskSwitchContext                     0x08001b60   Section        0  tasks.o(i.vTaskSwitchContext)
    i.xPortStartScheduler                    0x08001bec   Section        0  port.o(i.xPortStartScheduler)
    i.xQueueGenericCreate                    0x08001d54   Section        0  queue.o(i.xQueueGenericCreate)
    i.xQueueGenericReset                     0x08001dbc   Section        0  queue.o(i.xQueueGenericReset)
    i.xQueueReceive                          0x08001e98   Section        0  queue.o(i.xQueueReceive)
    i.xTaskCheckForTimeOut                   0x08002000   Section        0  tasks.o(i.xTaskCheckForTimeOut)
    i.xTaskCreate                            0x08002090   Section        0  tasks.o(i.xTaskCreate)
    i.xTaskGetSchedulerState                 0x080020f0   Section        0  tasks.o(i.xTaskGetSchedulerState)
    i.xTaskGetTickCount                      0x08002110   Section        0  tasks.o(i.xTaskGetTickCount)
    i.xTaskIncrementTick                     0x0800211c   Section        0  tasks.o(i.xTaskIncrementTick)
    i.xTaskRemoveFromEventList               0x080022d8   Section        0  tasks.o(i.xTaskRemoveFromEventList)
    i.xTaskResumeAll                         0x080023f8   Section        0  tasks.o(i.xTaskResumeAll)
    i.xTimerCreateTimerTask                  0x08002570   Section        0  timers.o(i.xTimerCreateTimerTask)
    .data                                    0x20000000   Section        4  led.o(.data)
    delay_parameter                          0x20000000   Data           4  led.o(.data)
    .data                                    0x20000004   Section        9  main.o(.data)
    LED1_task_Handle                         0x20000004   Data           4  main.o(.data)
    LED2_task_Handle                         0x20000008   Data           4  main.o(.data)
    FLAG_BIT                                 0x2000000c   Data           1  main.o(.data)
    .data                                    0x20000010   Section        4  system_gd32f4xx.o(.data)
    .data                                    0x20000014   Section      230  bluetooth_protocol.o(.data)
    usart_gpio_clk                           0x20000014   Data          16  bluetooth_protocol.o(.data)
    usart_clk                                0x20000024   Data          16  bluetooth_protocol.o(.data)
    usart_TX_gpio                            0x20000034   Data          32  bluetooth_protocol.o(.data)
    usart_RX_gpio                            0x20000054   Data          32  bluetooth_protocol.o(.data)
    usart_TX_PIN                             0x20000074   Data          32  bluetooth_protocol.o(.data)
    usart_RX_PIN                             0x20000094   Data          32  bluetooth_protocol.o(.data)
    usart_num                                0x200000b4   Data          32  bluetooth_protocol.o(.data)
    chat_t                                   0x200000d4   Data          15  bluetooth_protocol.o(.data)
    chat_r                                   0x200000e3   Data          15  bluetooth_protocol.o(.data)
    .data                                    0x200000fc   Section       64  tasks.o(.data)
    pxDelayedTaskList                        0x20000100   Data           4  tasks.o(.data)
    pxOverflowDelayedTaskList                0x20000104   Data           4  tasks.o(.data)
    uxDeletedTasksWaitingCleanUp             0x20000108   Data           4  tasks.o(.data)
    uxCurrentNumberOfTasks                   0x2000010c   Data           4  tasks.o(.data)
    xTickCount                               0x20000110   Data           4  tasks.o(.data)
    uxTopReadyPriority                       0x20000114   Data           4  tasks.o(.data)
    xSchedulerRunning                        0x20000118   Data           4  tasks.o(.data)
    xPendedTicks                             0x2000011c   Data           4  tasks.o(.data)
    xYieldPending                            0x20000120   Data           4  tasks.o(.data)
    xNumOfOverflows                          0x20000124   Data           4  tasks.o(.data)
    uxTaskNumber                             0x20000128   Data           4  tasks.o(.data)
    xNextTaskUnblockTime                     0x2000012c   Data           4  tasks.o(.data)
    xIdleTaskHandle                          0x20000130   Data           4  tasks.o(.data)
    uxSchedulerSuspended                     0x20000138   Data           4  tasks.o(.data)
    .data                                    0x2000013c   Section       20  timers.o(.data)
    pxCurrentTimerList                       0x2000013c   Data           4  timers.o(.data)
    pxOverflowTimerList                      0x20000140   Data           4  timers.o(.data)
    xTimerQueue                              0x20000144   Data           4  timers.o(.data)
    xTimerTaskHandle                         0x20000148   Data           4  timers.o(.data)
    xLastTime                                0x2000014c   Data           4  timers.o(.data)
    .data                                    0x20000150   Section       12  port.o(.data)
    uxCriticalNesting                        0x20000150   Data           4  port.o(.data)
    ucMaxSysCallPriority                     0x20000154   Data           1  port.o(.data)
    ulMaxPRIGROUPValue                       0x20000158   Data           4  port.o(.data)
    .data                                    0x2000015c   Section       32  heap_4.o(.data)
    xStart                                   0x2000015c   Data           8  heap_4.o(.data)
    pxEnd                                    0x20000164   Data           4  heap_4.o(.data)
    xFreeBytesRemaining                      0x20000168   Data           4  heap_4.o(.data)
    xMinimumEverFreeBytesRemaining           0x2000016c   Data           4  heap_4.o(.data)
    xNumberOfSuccessfulAllocations           0x20000170   Data           4  heap_4.o(.data)
    xNumberOfSuccessfulFrees                 0x20000174   Data           4  heap_4.o(.data)
    xBlockAllocatedBit                       0x20000178   Data           4  heap_4.o(.data)
    .bss                                     0x2000017c   Section       10  bluetooth_protocol.o(.bss)
    .bss                                     0x20000188   Section       64  queue.o(.bss)
    .bss                                     0x200001c8   Section      200  tasks.o(.bss)
    pxReadyTasksLists                        0x200001c8   Data         100  tasks.o(.bss)
    xDelayedTaskList1                        0x2000022c   Data          20  tasks.o(.bss)
    xDelayedTaskList2                        0x20000240   Data          20  tasks.o(.bss)
    xPendingReadyList                        0x20000254   Data          20  tasks.o(.bss)
    xTasksWaitingTermination                 0x20000268   Data          20  tasks.o(.bss)
    xSuspendedTaskList                       0x2000027c   Data          20  tasks.o(.bss)
    .bss                                     0x20000290   Section       40  timers.o(.bss)
    xActiveTimerList1                        0x20000290   Data          20  timers.o(.bss)
    xActiveTimerList2                        0x200002a4   Data          20  timers.o(.bss)
    .bss                                     0x200002b8   Section    76800  heap_4.o(.bss)
    ucHeap                                   0x200002b8   Data       76800  heap_4.o(.bss)
    STACK                                    0x20012eb8   Section     1024  startup_gd32f450_470.o(STACK)

    Global Symbols

    Symbol Name                              Value     Ov Type        Size  Object(Section)

    BuildAttributes$$THM_ISAv4$E$P$D$K$B$S$7EM$VFPi3$EXTD16$VFPS$VFMA$PE$A:L22UL41UL21$X:L11$S22US41US21$IEEE1$IW$USESV6$~STKCKD$USESV7$~SHL$OSPACE$EBA8$MICROLIB$REQ8$PRES8$EABIv2 0x00000000   Number         0  anon$$obj.o ABSOLUTE
    __ARM_use_no_argv                        0x00000000   Number         0  main.o ABSOLUTE
    __arm_fini_                               - Undefined Weak Reference
    __cpp_initialize__aeabi_                  - Undefined Weak Reference
    __cxa_finalize                            - Undefined Weak Reference
    _clock_init                               - Undefined Weak Reference
    _microlib_exit                            - Undefined Weak Reference
    __Vectors_Size                           0x000001ac   Number         0  startup_gd32f450_470.o ABSOLUTE
    __Vectors                                0x08000000   Data           4  startup_gd32f450_470.o(RESET)
    __Vectors_End                            0x080001ac   Data           0  startup_gd32f450_470.o(RESET)
    __main                                   0x080001ad   Thumb Code     0  entry.o(.ARM.Collect$$$$00000000)
    _main_stk                                0x080001ad   Thumb Code     0  entry2.o(.ARM.Collect$$$$00000001)
    _main_scatterload                        0x080001b1   Thumb Code     0  entry5.o(.ARM.Collect$$$$00000004)
    __main_after_scatterload                 0x080001b5   Thumb Code     0  entry5.o(.ARM.Collect$$$$00000004)
    _main_clock                              0x080001b5   Thumb Code     0  entry7b.o(.ARM.Collect$$$$00000008)
    _main_cpp_init                           0x080001b5   Thumb Code     0  entry8b.o(.ARM.Collect$$$$0000000A)
    _main_init                               0x080001b5   Thumb Code     0  entry9a.o(.ARM.Collect$$$$0000000B)
    __rt_lib_shutdown_fini                   0x080001bd   Thumb Code     0  entry12b.o(.ARM.Collect$$$$0000000E)
    __rt_final_cpp                           0x080001c1   Thumb Code     0  entry10a.o(.ARM.Collect$$$$0000000F)
    __rt_final_exit                          0x080001c1   Thumb Code     0  entry11a.o(.ARM.Collect$$$$00000011)
    SVC_Handler                              0x080001c5   Thumb Code    28  port.o(.emb_text)
    __asm___6_port_c_39a90d8d__prvStartFirstTask 0x080001e5   Thumb Code    36  port.o(.emb_text)
    __asm___6_port_c_39a90d8d__prvEnableVFP  0x0800020d   Thumb Code    16  port.o(.emb_text)
    PendSV_Handler                           0x08000221   Thumb Code    88  port.o(.emb_text)
    vPortGetIPSR                             0x0800027d   Thumb Code     6  port.o(.emb_text)
    Reset_Handler                            0x08000285   Thumb Code     8  startup_gd32f450_470.o(.text)
    ADC_IRQHandler                           0x0800029f   Thumb Code     0  startup_gd32f450_470.o(.text)
    CAN0_EWMC_IRQHandler                     0x0800029f   Thumb Code     0  startup_gd32f450_470.o(.text)
    CAN0_RX0_IRQHandler                      0x0800029f   Thumb Code     0  startup_gd32f450_470.o(.text)
    CAN0_RX1_IRQHandler                      0x0800029f   Thumb Code     0  startup_gd32f450_470.o(.text)
    CAN0_TX_IRQHandler                       0x0800029f   Thumb Code     0  startup_gd32f450_470.o(.text)
    CAN1_EWMC_IRQHandler                     0x0800029f   Thumb Code     0  startup_gd32f450_470.o(.text)
    CAN1_RX0_IRQHandler                      0x0800029f   Thumb Code     0  startup_gd32f450_470.o(.text)
    CAN1_RX1_IRQHandler                      0x0800029f   Thumb Code     0  startup_gd32f450_470.o(.text)
    CAN1_TX_IRQHandler                       0x0800029f   Thumb Code     0  startup_gd32f450_470.o(.text)
    DCI_IRQHandler                           0x0800029f   Thumb Code     0  startup_gd32f450_470.o(.text)
    DMA0_Channel0_IRQHandler                 0x0800029f   Thumb Code     0  startup_gd32f450_470.o(.text)
    DMA0_Channel1_IRQHandler                 0x0800029f   Thumb Code     0  startup_gd32f450_470.o(.text)
    DMA0_Channel2_IRQHandler                 0x0800029f   Thumb Code     0  startup_gd32f450_470.o(.text)
    DMA0_Channel3_IRQHandler                 0x0800029f   Thumb Code     0  startup_gd32f450_470.o(.text)
    DMA0_Channel4_IRQHandler                 0x0800029f   Thumb Code     0  startup_gd32f450_470.o(.text)
    DMA0_Channel5_IRQHandler                 0x0800029f   Thumb Code     0  startup_gd32f450_470.o(.text)
    DMA0_Channel6_IRQHandler                 0x0800029f   Thumb Code     0  startup_gd32f450_470.o(.text)
    DMA0_Channel7_IRQHandler                 0x0800029f   Thumb Code     0  startup_gd32f450_470.o(.text)
    DMA1_Channel0_IRQHandler                 0x0800029f   Thumb Code     0  startup_gd32f450_470.o(.text)
    DMA1_Channel1_IRQHandler                 0x0800029f   Thumb Code     0  startup_gd32f450_470.o(.text)
    DMA1_Channel3_IRQHandler                 0x0800029f   Thumb Code     0  startup_gd32f450_470.o(.text)
    DMA1_Channel4_IRQHandler                 0x0800029f   Thumb Code     0  startup_gd32f450_470.o(.text)
    DMA1_Channel5_IRQHandler                 0x0800029f   Thumb Code     0  startup_gd32f450_470.o(.text)
    DMA1_Channel6_IRQHandler                 0x0800029f   Thumb Code     0  startup_gd32f450_470.o(.text)
    DMA1_Channel7_IRQHandler                 0x0800029f   Thumb Code     0  startup_gd32f450_470.o(.text)
    ENET_IRQHandler                          0x0800029f   Thumb Code     0  startup_gd32f450_470.o(.text)
    ENET_WKUP_IRQHandler                     0x0800029f   Thumb Code     0  startup_gd32f450_470.o(.text)
    EXMC_IRQHandler                          0x0800029f   Thumb Code     0  startup_gd32f450_470.o(.text)
    EXTI0_IRQHandler                         0x0800029f   Thumb Code     0  startup_gd32f450_470.o(.text)
    EXTI10_15_IRQHandler                     0x0800029f   Thumb Code     0  startup_gd32f450_470.o(.text)
    EXTI1_IRQHandler                         0x0800029f   Thumb Code     0  startup_gd32f450_470.o(.text)
    EXTI2_IRQHandler                         0x0800029f   Thumb Code     0  startup_gd32f450_470.o(.text)
    EXTI3_IRQHandler                         0x0800029f   Thumb Code     0  startup_gd32f450_470.o(.text)
    EXTI4_IRQHandler                         0x0800029f   Thumb Code     0  startup_gd32f450_470.o(.text)
    EXTI5_9_IRQHandler                       0x0800029f   Thumb Code     0  startup_gd32f450_470.o(.text)
    FMC_IRQHandler                           0x0800029f   Thumb Code     0  startup_gd32f450_470.o(.text)
    FPU_IRQHandler                           0x0800029f   Thumb Code     0  startup_gd32f450_470.o(.text)
    I2C0_ER_IRQHandler                       0x0800029f   Thumb Code     0  startup_gd32f450_470.o(.text)
    I2C0_EV_IRQHandler                       0x0800029f   Thumb Code     0  startup_gd32f450_470.o(.text)
    I2C1_ER_IRQHandler                       0x0800029f   Thumb Code     0  startup_gd32f450_470.o(.text)
    I2C1_EV_IRQHandler                       0x0800029f   Thumb Code     0  startup_gd32f450_470.o(.text)
    I2C2_ER_IRQHandler                       0x0800029f   Thumb Code     0  startup_gd32f450_470.o(.text)
    I2C2_EV_IRQHandler                       0x0800029f   Thumb Code     0  startup_gd32f450_470.o(.text)
    IPA_IRQHandler                           0x0800029f   Thumb Code     0  startup_gd32f450_470.o(.text)
    LVD_IRQHandler                           0x0800029f   Thumb Code     0  startup_gd32f450_470.o(.text)
    RCU_CTC_IRQHandler                       0x0800029f   Thumb Code     0  startup_gd32f450_470.o(.text)
    RTC_Alarm_IRQHandler                     0x0800029f   Thumb Code     0  startup_gd32f450_470.o(.text)
    RTC_WKUP_IRQHandler                      0x0800029f   Thumb Code     0  startup_gd32f450_470.o(.text)
    SDIO_IRQHandler                          0x0800029f   Thumb Code     0  startup_gd32f450_470.o(.text)
    SPI0_IRQHandler                          0x0800029f   Thumb Code     0  startup_gd32f450_470.o(.text)
    SPI1_IRQHandler                          0x0800029f   Thumb Code     0  startup_gd32f450_470.o(.text)
    SPI2_IRQHandler                          0x0800029f   Thumb Code     0  startup_gd32f450_470.o(.text)
    SPI3_IRQHandler                          0x0800029f   Thumb Code     0  startup_gd32f450_470.o(.text)
    SPI4_IRQHandler                          0x0800029f   Thumb Code     0  startup_gd32f450_470.o(.text)
    SPI5_IRQHandler                          0x0800029f   Thumb Code     0  startup_gd32f450_470.o(.text)
    TAMPER_STAMP_IRQHandler                  0x0800029f   Thumb Code     0  startup_gd32f450_470.o(.text)
    TIMER0_BRK_TIMER8_IRQHandler             0x0800029f   Thumb Code     0  startup_gd32f450_470.o(.text)
    TIMER0_Channel_IRQHandler                0x0800029f   Thumb Code     0  startup_gd32f450_470.o(.text)
    TIMER0_TRG_CMT_TIMER10_IRQHandler        0x0800029f   Thumb Code     0  startup_gd32f450_470.o(.text)
    TIMER0_UP_TIMER9_IRQHandler              0x0800029f   Thumb Code     0  startup_gd32f450_470.o(.text)
    TIMER1_IRQHandler                        0x0800029f   Thumb Code     0  startup_gd32f450_470.o(.text)
    TIMER2_IRQHandler                        0x0800029f   Thumb Code     0  startup_gd32f450_470.o(.text)
    TIMER3_IRQHandler                        0x0800029f   Thumb Code     0  startup_gd32f450_470.o(.text)
    TIMER4_IRQHandler                        0x0800029f   Thumb Code     0  startup_gd32f450_470.o(.text)
    TIMER5_DAC_IRQHandler                    0x0800029f   Thumb Code     0  startup_gd32f450_470.o(.text)
    TIMER7_BRK_TIMER11_IRQHandler            0x0800029f   Thumb Code     0  startup_gd32f450_470.o(.text)
    TIMER7_Channel_IRQHandler                0x0800029f   Thumb Code     0  startup_gd32f450_470.o(.text)
    TIMER7_TRG_CMT_TIMER13_IRQHandler        0x0800029f   Thumb Code     0  startup_gd32f450_470.o(.text)
    TIMER7_UP_TIMER12_IRQHandler             0x0800029f   Thumb Code     0  startup_gd32f450_470.o(.text)
    TLI_ER_IRQHandler                        0x0800029f   Thumb Code     0  startup_gd32f450_470.o(.text)
    TLI_IRQHandler                           0x0800029f   Thumb Code     0  startup_gd32f450_470.o(.text)
    TRNG_IRQHandler                          0x0800029f   Thumb Code     0  startup_gd32f450_470.o(.text)
    UART3_IRQHandler                         0x0800029f   Thumb Code     0  startup_gd32f450_470.o(.text)
    UART4_IRQHandler                         0x0800029f   Thumb Code     0  startup_gd32f450_470.o(.text)
    UART6_IRQHandler                         0x0800029f   Thumb Code     0  startup_gd32f450_470.o(.text)
    UART7_IRQHandler                         0x0800029f   Thumb Code     0  startup_gd32f450_470.o(.text)
    USART1_IRQHandler                        0x0800029f   Thumb Code     0  startup_gd32f450_470.o(.text)
    USART2_IRQHandler                        0x0800029f   Thumb Code     0  startup_gd32f450_470.o(.text)
    USART5_IRQHandler                        0x0800029f   Thumb Code     0  startup_gd32f450_470.o(.text)
    USBFS_IRQHandler                         0x0800029f   Thumb Code     0  startup_gd32f450_470.o(.text)
    USBFS_WKUP_IRQHandler                    0x0800029f   Thumb Code     0  startup_gd32f450_470.o(.text)
    USBHS_EP1_In_IRQHandler                  0x0800029f   Thumb Code     0  startup_gd32f450_470.o(.text)
    USBHS_EP1_Out_IRQHandler                 0x0800029f   Thumb Code     0  startup_gd32f450_470.o(.text)
    USBHS_IRQHandler                         0x0800029f   Thumb Code     0  startup_gd32f450_470.o(.text)
    USBHS_WKUP_IRQHandler                    0x0800029f   Thumb Code     0  startup_gd32f450_470.o(.text)
    WWDGT_IRQHandler                         0x0800029f   Thumb Code     0  startup_gd32f450_470.o(.text)
    __aeabi_memcpy                           0x080002a9   Thumb Code    36  memcpya.o(.text)
    __aeabi_memcpy4                          0x080002a9   Thumb Code     0  memcpya.o(.text)
    __aeabi_memcpy8                          0x080002a9   Thumb Code     0  memcpya.o(.text)
    __aeabi_memset                           0x080002cd   Thumb Code    14  memseta.o(.text)
    __aeabi_memset4                          0x080002cd   Thumb Code     0  memseta.o(.text)
    __aeabi_memset8                          0x080002cd   Thumb Code     0  memseta.o(.text)
    __aeabi_memclr                           0x080002db   Thumb Code     4  memseta.o(.text)
    __aeabi_memclr4                          0x080002db   Thumb Code     0  memseta.o(.text)
    __aeabi_memclr8                          0x080002db   Thumb Code     0  memseta.o(.text)
    memset                                   0x080002df   Thumb Code    18  memseta.o(.text)
    __scatterload                            0x080002f1   Thumb Code    28  init.o(.text)
    __scatterload_rt2                        0x080002f1   Thumb Code     0  init.o(.text)
    __decompress                             0x08000315   Thumb Code     0  __dczerorl2.o(.text)
    __decompress1                            0x08000315   Thumb Code    86  __dczerorl2.o(.text)
    BusFault_Handler                         0x0800036b   Thumb Code     4  gd32f4xx_it.o(i.BusFault_Handler)
    DMA1_Channel2_IRQHandler                 0x0800036f   Thumb Code     8  gd32f4xx_it.o(i.DMA1_Channel2_IRQHandler)
    DebugMon_Handler                         0x08000377   Thumb Code     2  gd32f4xx_it.o(i.DebugMon_Handler)
    HardFault_Handler                        0x08000379   Thumb Code     4  gd32f4xx_it.o(i.HardFault_Handler)
    KEY1_task                                0x0800037d   Thumb Code    60  main.o(i.KEY1_task)
    LED1_task                                0x080003c1   Thumb Code    32  main.o(i.LED1_task)
    LED2_task                                0x080003e1   Thumb Code    32  main.o(i.LED2_task)
    MemManage_Handler                        0x08000401   Thumb Code     4  gd32f4xx_it.o(i.MemManage_Handler)
    NMI_Handler                              0x08000405   Thumb Code     2  gd32f4xx_it.o(i.NMI_Handler)
    SysTick_Handler                          0x08000409   Thumb Code    46  port.o(i.SysTick_Handler)
    SystemInit                               0x0800043d   Thumb Code   194  system_gd32f4xx.o(i.SystemInit)
    TIMER6_IRQHandler                        0x08000511   Thumb Code    16  gd32f4xx_it.o(i.TIMER6_IRQHandler)
    USART0_IRQHandler                        0x08000525   Thumb Code     2  gd32f4xx_it.o(i.USART0_IRQHandler)
    UsageFault_Handler                       0x08000527   Thumb Code     4  gd32f4xx_it.o(i.UsageFault_Handler)
    __scatterload_copy                       0x0800052b   Thumb Code    14  handlers.o(i.__scatterload_copy)
    __scatterload_null                       0x08000539   Thumb Code     2  handlers.o(i.__scatterload_null)
    __scatterload_zeroinit                   0x0800053b   Thumb Code    14  handlers.o(i.__scatterload_zeroinit)
    delay_start                              0x08000549   Thumb Code    18  led.o(i.delay_start)
    gpio_bit_reset                           0x08000561   Thumb Code     4  gd32f4xx_gpio.o(i.gpio_bit_reset)
    gpio_bit_set                             0x08000565   Thumb Code     4  gd32f4xx_gpio.o(i.gpio_bit_set)
    gpio_input_bit_get                       0x08000569   Thumb Code    16  gd32f4xx_gpio.o(i.gpio_input_bit_get)
    gpio_mode_set                            0x08000579   Thumb Code    78  gd32f4xx_gpio.o(i.gpio_mode_set)
    gpio_output_options_set                  0x080005c7   Thumb Code    66  gd32f4xx_gpio.o(i.gpio_output_options_set)
    key_init                                 0x08000609   Thumb Code    58  key.o(i.key_init)
    key_left                                 0x0800064d   Thumb Code    20  key.o(i.key_left)
    led1_close                               0x08000665   Thumb Code    52  led.o(i.led1_close)
    led1_open                                0x0800069d   Thumb Code    52  led.o(i.led1_open)
    led2_close                               0x080006d5   Thumb Code    58  led.o(i.led2_close)
    led2_open                                0x08000715   Thumb Code    58  led.o(i.led2_open)
    led_init                                 0x08000755   Thumb Code   230  led.o(i.led_init)
    main                                     0x08000845   Thumb Code    86  main.o(i.main)
    nvic_priority_group_set                  0x080008c9   Thumb Code    10  gd32f4xx_misc.o(i.nvic_priority_group_set)
    pvPortMalloc                             0x08001259   Thumb Code   338  heap_4.o(i.pvPortMalloc)
    pxPortInitialiseStack                    0x080013c5   Thumb Code    38  port.o(i.pxPortInitialiseStack)
    rcu_periph_clock_enable                  0x080013f1   Thumb Code    32  gd32f4xx_rcu.o(i.rcu_periph_clock_enable)
    read_signal                              0x08001415   Thumb Code    16  bluetooth_protocol.o(i.read_signal)
    timer_interrupt_flag_clear               0x08001531   Thumb Code     6  gd32f4xx_timer.o(i.timer_interrupt_flag_clear)
    uxListRemove                             0x08001537   Thumb Code    40  list.o(i.uxListRemove)
    vListInitialise                          0x0800155f   Thumb Code    26  list.o(i.vListInitialise)
    vListInitialiseItem                      0x08001579   Thumb Code     6  list.o(i.vListInitialiseItem)
    vListInsert                              0x0800157f   Thumb Code    52  list.o(i.vListInsert)
    vListInsertEnd                           0x080015b3   Thumb Code    24  list.o(i.vListInsertEnd)
    vPortEnterCritical                       0x080015cd   Thumb Code    76  port.o(i.vPortEnterCritical)
    vPortExitCritical                        0x08001621   Thumb Code    56  port.o(i.vPortExitCritical)
    vPortFree                                0x0800165d   Thumb Code   150  heap_4.o(i.vPortFree)
    vPortSetupTimerInterrupt                 0x08001701   Thumb Code    36  port.o(i.vPortSetupTimerInterrupt)
    vQueueAddToRegistry                      0x08001729   Thumb Code    90  queue.o(i.vQueueAddToRegistry)
    vQueueWaitForMessageRestricted           0x08001789   Thumb Code    74  queue.o(i.vQueueWaitForMessageRestricted)
    vTaskDelay                               0x080017d5   Thumb Code    82  tasks.o(i.vTaskDelay)
    vTaskInternalSetTimeOutState             0x08001831   Thumb Code    14  tasks.o(i.vTaskInternalSetTimeOutState)
    vTaskMissedYield                         0x08001849   Thumb Code     8  tasks.o(i.vTaskMissedYield)
    vTaskPlaceOnEventList                    0x08001855   Thumb Code    52  tasks.o(i.vTaskPlaceOnEventList)
    vTaskPlaceOnEventListRestricted          0x0800188d   Thumb Code    94  tasks.o(i.vTaskPlaceOnEventListRestricted)
    vTaskResume                              0x080018f1   Thumb Code   180  tasks.o(i.vTaskResume)
    vTaskStartScheduler                      0x080019b5   Thumb Code   122  tasks.o(i.vTaskStartScheduler)
    vTaskSuspend                             0x08001a51   Thumb Code   224  tasks.o(i.vTaskSuspend)
    vTaskSuspendAll                          0x08001b51   Thumb Code    12  tasks.o(i.vTaskSuspendAll)
    vTaskSwitchContext                       0x08001b61   Thumb Code   118  tasks.o(i.vTaskSwitchContext)
    xPortStartScheduler                      0x08001bed   Thumb Code   330  port.o(i.xPortStartScheduler)
    xQueueGenericCreate                      0x08001d55   Thumb Code   102  queue.o(i.xQueueGenericCreate)
    xQueueGenericReset                       0x08001dbd   Thumb Code   214  queue.o(i.xQueueGenericReset)
    xQueueReceive                            0x08001e99   Thumb Code   356  queue.o(i.xQueueReceive)
    xTaskCheckForTimeOut                     0x08002001   Thumb Code   136  tasks.o(i.xTaskCheckForTimeOut)
    xTaskCreate                              0x08002091   Thumb Code    96  tasks.o(i.xTaskCreate)
    xTaskGetSchedulerState                   0x080020f1   Thumb Code    24  tasks.o(i.xTaskGetSchedulerState)
    xTaskGetTickCount                        0x08002111   Thumb Code     6  tasks.o(i.xTaskGetTickCount)
    xTaskIncrementTick                       0x0800211d   Thumb Code   398  tasks.o(i.xTaskIncrementTick)
    xTaskRemoveFromEventList                 0x080022d9   Thumb Code   264  tasks.o(i.xTaskRemoveFromEventList)
    xTaskResumeAll                           0x080023f9   Thumb Code   338  tasks.o(i.xTaskResumeAll)
    xTimerCreateTimerTask                    0x08002571   Thumb Code    66  timers.o(i.xTimerCreateTimerTask)
    Region$$Table$$Base                      0x080025c8   Number         0  anon$$obj.o(Region$$Table)
    Region$$Table$$Limit                     0x080025e8   Number         0  anon$$obj.o(Region$$Table)
    SystemCoreClock                          0x20000010   Data           4  system_gd32f4xx.o(.data)
    Bluetooth_RX                             0x200000f2   Data           1  bluetooth_protocol.o(.data)
    move_mode                                0x200000f4   Data           4  bluetooth_protocol.o(.data)
    bluetooth_signal                         0x200000f8   Data           2  bluetooth_protocol.o(.data)
    pxCurrentTCB                             0x200000fc   Data           4  tasks.o(.data)
    uxTopUsedPriority                        0x20000134   Data           4  tasks.o(.data)
    bluetooth_rx_buf                         0x2000017c   Data          10  bluetooth_protocol.o(.bss)
    xQueueRegistry                           0x20000188   Data          64  queue.o(.bss)
    __initial_sp                             0x200132b8   Data           0  startup_gd32f450_470.o(STACK)



==============================================================================

Memory Map of the image

  Image Entry point : 0x080001ad

  Load Region LR_IROM1 (Base: 0x08000000, Size: 0x00002764, Max: 0x00100000, ABSOLUTE, COMPRESSED[0x00002674])

    Execution Region ER_IROM1 (Exec base: 0x08000000, Load base: 0x08000000, Size: 0x000025e8, Max: 0x00100000, ABSOLUTE)

    Exec Addr    Load Addr    Size         Type   Attr      Idx    E Section Name        Object

    0x08000000   0x08000000   0x000001ac   Data   RO         6276    RESET               startup_gd32f450_470.o
    0x080001ac   0x080001ac   0x00000000   Code   RO         7470  * .ARM.Collect$$$$00000000  mc_w.l(entry.o)
    0x080001ac   0x080001ac   0x00000004   Code   RO         7481    .ARM.Collect$$$$00000001  mc_w.l(entry2.o)
    0x080001b0   0x080001b0   0x00000004   Code   RO         7484    .ARM.Collect$$$$00000004  mc_w.l(entry5.o)
    0x080001b4   0x080001b4   0x00000000   Code   RO         7486    .ARM.Collect$$$$00000008  mc_w.l(entry7b.o)
    0x080001b4   0x080001b4   0x00000000   Code   RO         7488    .ARM.Collect$$$$0000000A  mc_w.l(entry8b.o)
    0x080001b4   0x080001b4   0x00000008   Code   RO         7489    .ARM.Collect$$$$0000000B  mc_w.l(entry9a.o)
    0x080001bc   0x080001bc   0x00000004   Code   RO         7496    .ARM.Collect$$$$0000000E  mc_w.l(entry12b.o)
    0x080001c0   0x080001c0   0x00000000   Code   RO         7491    .ARM.Collect$$$$0000000F  mc_w.l(entry10a.o)
    0x080001c0   0x080001c0   0x00000000   Code   RO         7493    .ARM.Collect$$$$00000011  mc_w.l(entry11a.o)
    0x080001c0   0x080001c0   0x00000004   Code   RO         7482    .ARM.Collect$$$$00002712  mc_w.l(entry2.o)
    0x080001c4   0x080001c4   0x000000be   Code   RO         7338    .emb_text           port.o
    0x08000282   0x08000282   0x00000002   PAD
    0x08000284   0x08000284   0x00000024   Code   RO         6277    .text               startup_gd32f450_470.o
    0x080002a8   0x080002a8   0x00000024   Code   RO         7473    .text               mc_w.l(memcpya.o)
    0x080002cc   0x080002cc   0x00000024   Code   RO         7477    .text               mc_w.l(memseta.o)
    0x080002f0   0x080002f0   0x00000024   Code   RO         7497    .text               mc_w.l(init.o)
    0x08000314   0x08000314   0x00000056   Code   RO         7507    .text               mc_w.l(__dczerorl2.o)
    0x0800036a   0x0800036a   0x00000004   Code   RO         6162    i.BusFault_Handler  gd32f4xx_it.o
    0x0800036e   0x0800036e   0x00000008   Code   RO         6163    i.DMA1_Channel2_IRQHandler  gd32f4xx_it.o
    0x08000376   0x08000376   0x00000002   Code   RO         6164    i.DebugMon_Handler  gd32f4xx_it.o
    0x08000378   0x08000378   0x00000004   Code   RO         6165    i.HardFault_Handler  gd32f4xx_it.o
    0x0800037c   0x0800037c   0x00000044   Code   RO          239    i.KEY1_task         main.o
    0x080003c0   0x080003c0   0x00000020   Code   RO          240    i.LED1_task         main.o
    0x080003e0   0x080003e0   0x00000020   Code   RO          241    i.LED2_task         main.o
    0x08000400   0x08000400   0x00000004   Code   RO         6166    i.MemManage_Handler  gd32f4xx_it.o
    0x08000404   0x08000404   0x00000002   Code   RO         6167    i.NMI_Handler       gd32f4xx_it.o
    0x08000406   0x08000406   0x00000002   PAD
    0x08000408   0x08000408   0x00000034   Code   RO         7339    i.SysTick_Handler   port.o
    0x0800043c   0x0800043c   0x000000d4   Code   RO          362    i.SystemInit        system_gd32f4xx.o
    0x08000510   0x08000510   0x00000014   Code   RO         6168    i.TIMER6_IRQHandler  gd32f4xx_it.o
    0x08000524   0x08000524   0x00000002   Code   RO         6169    i.USART0_IRQHandler  gd32f4xx_it.o
    0x08000526   0x08000526   0x00000004   Code   RO         6170    i.UsageFault_Handler  gd32f4xx_it.o
    0x0800052a   0x0800052a   0x0000000e   Code   RO         7501    i.__scatterload_copy  mc_w.l(handlers.o)
    0x08000538   0x08000538   0x00000002   Code   RO         7502    i.__scatterload_null  mc_w.l(handlers.o)
    0x0800053a   0x0800053a   0x0000000e   Code   RO         7503    i.__scatterload_zeroinit  mc_w.l(handlers.o)
    0x08000548   0x08000548   0x00000018   Code   RO          166    i.delay_start       led.o
    0x08000560   0x08000560   0x00000004   Code   RO         2881    i.gpio_bit_reset    gd32f4xx_gpio.o
    0x08000564   0x08000564   0x00000004   Code   RO         2882    i.gpio_bit_set      gd32f4xx_gpio.o
    0x08000568   0x08000568   0x00000010   Code   RO         2886    i.gpio_input_bit_get  gd32f4xx_gpio.o
    0x08000578   0x08000578   0x0000004e   Code   RO         2888    i.gpio_mode_set     gd32f4xx_gpio.o
    0x080005c6   0x080005c6   0x00000042   Code   RO         2890    i.gpio_output_options_set  gd32f4xx_gpio.o
    0x08000608   0x08000608   0x00000044   Code   RO            4    i.key_init          key.o
    0x0800064c   0x0800064c   0x00000018   Code   RO            5    i.key_left          key.o
    0x08000664   0x08000664   0x00000038   Code   RO          168    i.led1_close        led.o
    0x0800069c   0x0800069c   0x00000038   Code   RO          169    i.led1_open         led.o
    0x080006d4   0x080006d4   0x00000040   Code   RO          171    i.led2_close        led.o
    0x08000714   0x08000714   0x00000040   Code   RO          172    i.led2_open         led.o
    0x08000754   0x08000754   0x000000f0   Code   RO          174    i.led_init          led.o
    0x08000844   0x08000844   0x00000084   Code   RO          242    i.main              main.o
    0x080008c8   0x080008c8   0x00000014   Code   RO         3454    i.nvic_priority_group_set  gd32f4xx_misc.o
    0x080008dc   0x080008dc   0x000000c0   Code   RO         6812    i.prvAddCurrentTaskToDelayedList  tasks.o
    0x0800099c   0x0800099c   0x000000ec   Code   RO         6813    i.prvAddNewTaskToReadyList  tasks.o
    0x08000a88   0x08000a88   0x00000064   Code   RO         7176    i.prvCheckForValidListAndQueue  timers.o
    0x08000aec   0x08000aec   0x00000048   Code   RO         6814    i.prvCheckTasksWaitingTermination  tasks.o
    0x08000b34   0x08000b34   0x0000002a   Code   RO         6435    i.prvCopyDataFromQueue  queue.o
    0x08000b5e   0x08000b5e   0x00000012   Code   RO         6815    i.prvDeleteTCB      tasks.o
    0x08000b70   0x08000b70   0x00000028   Code   RO         7177    i.prvGetNextExpireTime  timers.o
    0x08000b98   0x08000b98   0x0000007c   Code   RO         7415    i.prvHeapInit       heap_4.o
    0x08000c14   0x08000c14   0x00000028   Code   RO         6816    i.prvIdleTask       tasks.o
    0x08000c3c   0x08000c3c   0x0000002a   Code   RO         6439    i.prvInitialiseNewQueue  queue.o
    0x08000c66   0x08000c66   0x000000e0   Code   RO         6817    i.prvInitialiseNewTask  tasks.o
    0x08000d46   0x08000d46   0x00000002   PAD
    0x08000d48   0x08000d48   0x00000068   Code   RO         6818    i.prvInitialiseTaskLists  tasks.o
    0x08000db0   0x08000db0   0x00000068   Code   RO         7416    i.prvInsertBlockIntoFreeList  heap_4.o
    0x08000e18   0x08000e18   0x00000058   Code   RO         7179    i.prvInsertTimerInActiveList  timers.o
    0x08000e70   0x08000e70   0x0000001a   Code   RO         6440    i.prvIsQueueEmpty   queue.o
    0x08000e8a   0x08000e8a   0x00000002   PAD
    0x08000e8c   0x08000e8c   0x00000044   Code   RO         7180    i.prvProcessExpiredTimer  timers.o
    0x08000ed0   0x08000ed0   0x0000011c   Code   RO         7181    i.prvProcessReceivedCommands  timers.o
    0x08000fec   0x08000fec   0x00000074   Code   RO         7182    i.prvProcessTimerOrBlockTask  timers.o
    0x08001060   0x08001060   0x00000028   Code   RO         7183    i.prvReloadTimer    timers.o
    0x08001088   0x08001088   0x00000030   Code   RO         6820    i.prvResetNextTaskUnblockTime  tasks.o
    0x080010b8   0x080010b8   0x0000002c   Code   RO         7184    i.prvSampleTimeNow  timers.o
    0x080010e4   0x080010e4   0x00000044   Code   RO         7185    i.prvSwitchTimerLists  timers.o
    0x08001128   0x08001128   0x00000040   Code   RO         7340    i.prvTaskExitError  port.o
    0x08001168   0x08001168   0x00000058   Code   RO         6822    i.prvTaskIsTaskSuspended  tasks.o
    0x080011c0   0x080011c0   0x0000001a   Code   RO         7186    i.prvTimerTask      timers.o
    0x080011da   0x080011da   0x0000007e   Code   RO         6442    i.prvUnlockQueue    queue.o
    0x08001258   0x08001258   0x0000016c   Code   RO         7417    i.pvPortMalloc      heap_4.o
    0x080013c4   0x080013c4   0x0000002c   Code   RO         7341    i.pxPortInitialiseStack  port.o
    0x080013f0   0x080013f0   0x00000024   Code   RO         3677    i.rcu_periph_clock_enable  gd32f4xx_rcu.o
    0x08001414   0x08001414   0x00000018   Code   RO         6120    i.read_signal       bluetooth_protocol.o
    0x0800142c   0x0800142c   0x000000fc   Code   RO          363    i.system_clock_200m_25m_hxtal  system_gd32f4xx.o
    0x08001528   0x08001528   0x00000008   Code   RO          364    i.system_clock_config  system_gd32f4xx.o
    0x08001530   0x08001530   0x00000006   Code   RO         4866    i.timer_interrupt_flag_clear  gd32f4xx_timer.o
    0x08001536   0x08001536   0x00000028   Code   RO         6398    i.uxListRemove      list.o
    0x0800155e   0x0800155e   0x0000001a   Code   RO         6399    i.vListInitialise   list.o
    0x08001578   0x08001578   0x00000006   Code   RO         6400    i.vListInitialiseItem  list.o
    0x0800157e   0x0800157e   0x00000034   Code   RO         6401    i.vListInsert       list.o
    0x080015b2   0x080015b2   0x00000018   Code   RO         6402    i.vListInsertEnd    list.o
    0x080015ca   0x080015ca   0x00000002   PAD
    0x080015cc   0x080015cc   0x00000054   Code   RO         7343    i.vPortEnterCritical  port.o
    0x08001620   0x08001620   0x0000003c   Code   RO         7344    i.vPortExitCritical  port.o
    0x0800165c   0x0800165c   0x000000a4   Code   RO         7418    i.vPortFree         heap_4.o
    0x08001700   0x08001700   0x00000028   Code   RO         7345    i.vPortSetupTimerInterrupt  port.o
    0x08001728   0x08001728   0x00000060   Code   RO         6448    i.vQueueAddToRegistry  queue.o
    0x08001788   0x08001788   0x0000004a   Code   RO         6452    i.vQueueWaitForMessageRestricted  queue.o
    0x080017d2   0x080017d2   0x00000002   PAD
    0x080017d4   0x080017d4   0x0000005c   Code   RO         6832    i.vTaskDelay        tasks.o
    0x08001830   0x08001830   0x00000018   Code   RO         6837    i.vTaskInternalSetTimeOutState  tasks.o
    0x08001848   0x08001848   0x0000000c   Code   RO         6838    i.vTaskMissedYield  tasks.o
    0x08001854   0x08001854   0x00000038   Code   RO         6839    i.vTaskPlaceOnEventList  tasks.o
    0x0800188c   0x0800188c   0x00000064   Code   RO         6840    i.vTaskPlaceOnEventListRestricted  tasks.o
    0x080018f0   0x080018f0   0x000000c4   Code   RO         6845    i.vTaskResume       tasks.o
    0x080019b4   0x080019b4   0x0000009c   Code   RO         6848    i.vTaskStartScheduler  tasks.o
    0x08001a50   0x08001a50   0x00000100   Code   RO         6849    i.vTaskSuspend      tasks.o
    0x08001b50   0x08001b50   0x00000010   Code   RO         6850    i.vTaskSuspendAll   tasks.o
    0x08001b60   0x08001b60   0x0000008c   Code   RO         6851    i.vTaskSwitchContext  tasks.o
    0x08001bec   0x08001bec   0x00000168   Code   RO         7347    i.xPortStartScheduler  port.o
    0x08001d54   0x08001d54   0x00000066   Code   RO         6455    i.xQueueGenericCreate  queue.o
    0x08001dba   0x08001dba   0x00000002   PAD
    0x08001dbc   0x08001dbc   0x000000dc   Code   RO         6456    i.xQueueGenericReset  queue.o
    0x08001e98   0x08001e98   0x00000168   Code   RO         6465    i.xQueueReceive     queue.o
    0x08002000   0x08002000   0x00000090   Code   RO         6853    i.xTaskCheckForTimeOut  tasks.o
    0x08002090   0x08002090   0x00000060   Code   RO         6854    i.xTaskCreate       tasks.o
    0x080020f0   0x080020f0   0x00000020   Code   RO         6861    i.xTaskGetSchedulerState  tasks.o
    0x08002110   0x08002110   0x0000000c   Code   RO         6862    i.xTaskGetTickCount  tasks.o
    0x0800211c   0x0800211c   0x000001bc   Code   RO         6864    i.xTaskIncrementTick  tasks.o
    0x080022d8   0x080022d8   0x00000120   Code   RO         6867    i.xTaskRemoveFromEventList  tasks.o
    0x080023f8   0x080023f8   0x00000178   Code   RO         6868    i.xTaskResumeAll    tasks.o
    0x08002570   0x08002570   0x00000058   Code   RO         7194    i.xTimerCreateTimerTask  timers.o
    0x080025c8   0x080025c8   0x00000020   Data   RO         7499    Region$$Table       anon$$obj.o


    Execution Region RW_IRAM1 (Exec base: 0x20000000, Load base: 0x080025e8, Size: 0x000132b8, Max: 0x00030000, ABSOLUTE, COMPRESSED[0x0000008c])

    Exec Addr    Load Addr    Size         Type   Attr      Idx    E Section Name        Object

    0x20000000   COMPRESSED   0x00000004   Data   RW          175    .data               led.o
    0x20000004   COMPRESSED   0x00000009   Data   RW          243    .data               main.o
    0x2000000d   COMPRESSED   0x00000003   PAD
    0x20000010   COMPRESSED   0x00000004   Data   RW          365    .data               system_gd32f4xx.o
    0x20000014   COMPRESSED   0x000000e6   Data   RW         6123    .data               bluetooth_protocol.o
    0x200000fa   COMPRESSED   0x00000002   PAD
    0x200000fc   COMPRESSED   0x00000040   Data   RW         6871    .data               tasks.o
    0x2000013c   COMPRESSED   0x00000014   Data   RW         7201    .data               timers.o
    0x20000150   COMPRESSED   0x0000000c   Data   RW         7348    .data               port.o
    0x2000015c   COMPRESSED   0x00000020   Data   RW         7424    .data               heap_4.o
    0x2000017c        -       0x0000000a   Zero   RW         6122    .bss                bluetooth_protocol.o
    0x20000186   COMPRESSED   0x00000002   PAD
    0x20000188        -       0x00000040   Zero   RW         6469    .bss                queue.o
    0x200001c8        -       0x000000c8   Zero   RW         6870    .bss                tasks.o
    0x20000290        -       0x00000028   Zero   RW         7200    .bss                timers.o
    0x200002b8        -       0x00012c00   Zero   RW         7423    .bss                heap_4.o
    0x20012eb8        -       0x00000400   Zero   RW         6274    STACK               startup_gd32f450_470.o


==============================================================================

Image component sizes


      Code (inc. data)   RO Data    RW Data    ZI Data      Debug   Object Name

        24          8          0        230         10       2389   bluetooth_protocol.o
         0          0          0          0          0      12040   event_groups.o
       168          0          0          0          0       3443   gd32f4xx_gpio.o
        50          4          0          0          0       4620   gd32f4xx_it.o
        20         10          0          0          0        566   gd32f4xx_misc.o
        36          4          0          0          0        558   gd32f4xx_rcu.o
         6          0          0          0          0        617   gd32f4xx_timer.o
       756         74          0         32      76800       4471   heap_4.o
        92         14          0          0          0      36182   key.o
       504         36          0          4          0       3759   led.o
       148          0          0          0          0       3318   list.o
       264         54          0          9          0      19631   main.o
       894         78          0         12          0      10476   port.o
      1088         16          0          0         64      11655   queue.o
        36          8        428          0       1024        816   startup_gd32f450_470.o
       472         30          0          4          0       2775   system_gd32f4xx.o
      3462        400          0         64        200      29175   tasks.o
       962        110          0         20         40      23100   timers.o
         0          0          0          0          0        512   ubt_motor.o
         0          0          0          0          0        440   usart_urbantoo.o

    ----------------------------------------------------------------------
      8996        846        460        380      78140     170543   Object Totals
         0          0         32          0          0          0   (incl. Generated)
        14          0          0          5          2          0   (incl. Padding)

    ----------------------------------------------------------------------

      Code (inc. data)   RO Data    RW Data    ZI Data      Debug   Library Member Name

        86          0          0          0          0          0   __dczerorl2.o
         0          0          0          0          0          0   entry.o
         0          0          0          0          0          0   entry10a.o
         0          0          0          0          0          0   entry11a.o
         4          0          0          0          0          0   entry12b.o
         8          4          0          0          0          0   entry2.o
         4          0          0          0          0          0   entry5.o
         0          0          0          0          0          0   entry7b.o
         0          0          0          0          0          0   entry8b.o
         8          4          0          0          0          0   entry9a.o
        30          0          0          0          0          0   handlers.o
        36          8          0          0          0         68   init.o
        36          0          0          0          0         68   memcpya.o
        36          0          0          0          0        108   memseta.o

    ----------------------------------------------------------------------
       248         16          0          0          0        244   Library Totals
         0          0          0          0          0          0   (incl. Padding)

    ----------------------------------------------------------------------

      Code (inc. data)   RO Data    RW Data    ZI Data      Debug   Library Name

       248         16          0          0          0        244   mc_w.l

    ----------------------------------------------------------------------
       248         16          0          0          0        244   Library Totals

    ----------------------------------------------------------------------

==============================================================================


      Code (inc. data)   RO Data    RW Data    ZI Data      Debug   

      9244        862        460        380      78140     161919   Grand Totals
      9244        862        460        140      78140     161919   ELF Image Totals (compressed)
      9244        862        460        140          0          0   ROM Totals

==============================================================================

    Total RO  Size (Code + RO Data)                 9704 (   9.48kB)
    Total RW  Size (RW Data + ZI Data)             78520 (  76.68kB)
    Total ROM Size (Code + RO Data + RW Data)       9844 (   9.61kB)

==============================================================================

